Archive member included to satisfy reference by file (symbol)

c:/program files (x86)/atmel/studio/7.0/toolchain/avr8/avr8-gnu-toolchain/bin/../lib/gcc/avr/4.9.2/../../../../avr/lib/avr5\libm.a(addsf3.o)
                              LCD_program.o (__subsf3)
c:/program files (x86)/atmel/studio/7.0/toolchain/avr8/avr8-gnu-toolchain/bin/../lib/gcc/avr/4.9.2/../../../../avr/lib/avr5\libm.a(addsf3x.o)
                              c:/program files (x86)/atmel/studio/7.0/toolchain/avr8/avr8-gnu-toolchain/bin/../lib/gcc/avr/4.9.2/../../../../avr/lib/avr5\libm.a(addsf3.o) (__addsf3x)
c:/program files (x86)/atmel/studio/7.0/toolchain/avr8/avr8-gnu-toolchain/bin/../lib/gcc/avr/4.9.2/../../../../avr/lib/avr5\libm.a(fixunssfsi.o)
                              LCD_program.o (__fixunssfsi)
c:/program files (x86)/atmel/studio/7.0/toolchain/avr8/avr8-gnu-toolchain/bin/../lib/gcc/avr/4.9.2/../../../../avr/lib/avr5\libm.a(floatsisf.o)
                              LCD_program.o (__floatunsisf)
c:/program files (x86)/atmel/studio/7.0/toolchain/avr8/avr8-gnu-toolchain/bin/../lib/gcc/avr/4.9.2/../../../../avr/lib/avr5\libm.a(fp_inf.o)
                              c:/program files (x86)/atmel/studio/7.0/toolchain/avr8/avr8-gnu-toolchain/bin/../lib/gcc/avr/4.9.2/../../../../avr/lib/avr5\libm.a(addsf3x.o) (__fp_inf)
c:/program files (x86)/atmel/studio/7.0/toolchain/avr8/avr8-gnu-toolchain/bin/../lib/gcc/avr/4.9.2/../../../../avr/lib/avr5\libm.a(fp_nan.o)
                              c:/program files (x86)/atmel/studio/7.0/toolchain/avr8/avr8-gnu-toolchain/bin/../lib/gcc/avr/4.9.2/../../../../avr/lib/avr5\libm.a(addsf3x.o) (__fp_nan)
c:/program files (x86)/atmel/studio/7.0/toolchain/avr8/avr8-gnu-toolchain/bin/../lib/gcc/avr/4.9.2/../../../../avr/lib/avr5\libm.a(fp_pscA.o)
                              c:/program files (x86)/atmel/studio/7.0/toolchain/avr8/avr8-gnu-toolchain/bin/../lib/gcc/avr/4.9.2/../../../../avr/lib/avr5\libm.a(addsf3x.o) (__fp_pscA)
c:/program files (x86)/atmel/studio/7.0/toolchain/avr8/avr8-gnu-toolchain/bin/../lib/gcc/avr/4.9.2/../../../../avr/lib/avr5\libm.a(fp_pscB.o)
                              c:/program files (x86)/atmel/studio/7.0/toolchain/avr8/avr8-gnu-toolchain/bin/../lib/gcc/avr/4.9.2/../../../../avr/lib/avr5\libm.a(addsf3x.o) (__fp_pscB)
c:/program files (x86)/atmel/studio/7.0/toolchain/avr8/avr8-gnu-toolchain/bin/../lib/gcc/avr/4.9.2/../../../../avr/lib/avr5\libm.a(fp_round.o)
                              c:/program files (x86)/atmel/studio/7.0/toolchain/avr8/avr8-gnu-toolchain/bin/../lib/gcc/avr/4.9.2/../../../../avr/lib/avr5\libm.a(addsf3.o) (__fp_round)
c:/program files (x86)/atmel/studio/7.0/toolchain/avr8/avr8-gnu-toolchain/bin/../lib/gcc/avr/4.9.2/../../../../avr/lib/avr5\libm.a(fp_split3.o)
                              c:/program files (x86)/atmel/studio/7.0/toolchain/avr8/avr8-gnu-toolchain/bin/../lib/gcc/avr/4.9.2/../../../../avr/lib/avr5\libm.a(addsf3x.o) (__fp_split3)
c:/program files (x86)/atmel/studio/7.0/toolchain/avr8/avr8-gnu-toolchain/bin/../lib/gcc/avr/4.9.2/../../../../avr/lib/avr5\libm.a(fp_zero.o)
                              c:/program files (x86)/atmel/studio/7.0/toolchain/avr8/avr8-gnu-toolchain/bin/../lib/gcc/avr/4.9.2/../../../../avr/lib/avr5\libm.a(addsf3x.o) (__fp_zero)
c:/program files (x86)/atmel/studio/7.0/toolchain/avr8/avr8-gnu-toolchain/bin/../lib/gcc/avr/4.9.2/../../../../avr/lib/avr5\libm.a(mulsf3.o)
                              LCD_program.o (__mulsf3)
c:/program files (x86)/atmel/studio/7.0/toolchain/avr8/avr8-gnu-toolchain/bin/../lib/gcc/avr/4.9.2/../../../../avr/lib/avr5\libm.a(mulsf3x.o)
                              c:/program files (x86)/atmel/studio/7.0/toolchain/avr8/avr8-gnu-toolchain/bin/../lib/gcc/avr/4.9.2/../../../../avr/lib/avr5\libm.a(mulsf3.o) (__mulsf3x)
c:/program files (x86)/atmel/studio/7.0/toolchain/avr8/avr8-gnu-toolchain/bin/../lib/gcc/avr/4.9.2/../../../../avr/lib/avr5\libm.a(pow.o)
                              TWI.o (pow)
c:/program files (x86)/atmel/studio/7.0/toolchain/avr8/avr8-gnu-toolchain/bin/../lib/gcc/avr/4.9.2/../../../../avr/lib/avr5\libm.a(exp.o)
                              c:/program files (x86)/atmel/studio/7.0/toolchain/avr8/avr8-gnu-toolchain/bin/../lib/gcc/avr/4.9.2/../../../../avr/lib/avr5\libm.a(pow.o) (exp)
c:/program files (x86)/atmel/studio/7.0/toolchain/avr8/avr8-gnu-toolchain/bin/../lib/gcc/avr/4.9.2/../../../../avr/lib/avr5\libm.a(fp_powser.o)
                              c:/program files (x86)/atmel/studio/7.0/toolchain/avr8/avr8-gnu-toolchain/bin/../lib/gcc/avr/4.9.2/../../../../avr/lib/avr5\libm.a(exp.o) (__fp_powser)
c:/program files (x86)/atmel/studio/7.0/toolchain/avr8/avr8-gnu-toolchain/bin/../lib/gcc/avr/4.9.2/../../../../avr/lib/avr5\libm.a(inverse.o)
                              c:/program files (x86)/atmel/studio/7.0/toolchain/avr8/avr8-gnu-toolchain/bin/../lib/gcc/avr/4.9.2/../../../../avr/lib/avr5\libm.a(exp.o) (inverse)
c:/program files (x86)/atmel/studio/7.0/toolchain/avr8/avr8-gnu-toolchain/bin/../lib/gcc/avr/4.9.2/../../../../avr/lib/avr5\libm.a(ldexp.o)
                              c:/program files (x86)/atmel/studio/7.0/toolchain/avr8/avr8-gnu-toolchain/bin/../lib/gcc/avr/4.9.2/../../../../avr/lib/avr5\libm.a(exp.o) (ldexp)
c:/program files (x86)/atmel/studio/7.0/toolchain/avr8/avr8-gnu-toolchain/bin/../lib/gcc/avr/4.9.2/../../../../avr/lib/avr5\libm.a(log.o)
                              c:/program files (x86)/atmel/studio/7.0/toolchain/avr8/avr8-gnu-toolchain/bin/../lib/gcc/avr/4.9.2/../../../../avr/lib/avr5\libm.a(pow.o) (log)
c:/program files (x86)/atmel/studio/7.0/toolchain/avr8/avr8-gnu-toolchain/bin/../lib/gcc/avr/4.9.2/../../../../avr/lib/avr5\libm.a(modf.o)
                              c:/program files (x86)/atmel/studio/7.0/toolchain/avr8/avr8-gnu-toolchain/bin/../lib/gcc/avr/4.9.2/../../../../avr/lib/avr5\libm.a(exp.o) (modf)
c:/program files (x86)/atmel/studio/7.0/toolchain/avr8/avr8-gnu-toolchain/bin/../lib/gcc/avr/4.9.2/../../../../avr/lib/avr5\libm.a(divsf3.o)
                              c:/program files (x86)/atmel/studio/7.0/toolchain/avr8/avr8-gnu-toolchain/bin/../lib/gcc/avr/4.9.2/../../../../avr/lib/avr5\libm.a(inverse.o) (__divsf3)
c:/program files (x86)/atmel/studio/7.0/toolchain/avr8/avr8-gnu-toolchain/bin/../lib/gcc/avr/4.9.2/../../../../avr/lib/avr5\libm.a(divsf3x.o)
                              c:/program files (x86)/atmel/studio/7.0/toolchain/avr8/avr8-gnu-toolchain/bin/../lib/gcc/avr/4.9.2/../../../../avr/lib/avr5\libm.a(divsf3.o) (__divsf3x)
c:/program files (x86)/atmel/studio/7.0/toolchain/avr8/avr8-gnu-toolchain/bin/../lib/gcc/avr/4.9.2/../../../../avr/lib/avr5\libm.a(fp_mpack.o)
                              c:/program files (x86)/atmel/studio/7.0/toolchain/avr8/avr8-gnu-toolchain/bin/../lib/gcc/avr/4.9.2/../../../../avr/lib/avr5\libm.a(ldexp.o) (__fp_mpack)
c:/program files (x86)/atmel/studio/7.0/toolchain/avr8/avr8-gnu-toolchain/bin/../lib/gcc/avr/4.9.2/avr5\libgcc.a(_divmodhi4.o)
                              TIMER0.o (__divmodhi4)
c:/program files (x86)/atmel/studio/7.0/toolchain/avr8/avr8-gnu-toolchain/bin/../lib/gcc/avr/4.9.2/avr5\libgcc.a(_exit.o)
                              C:/Program Files (x86)/Atmel/Studio/7.0/Packs/atmel/ATmega_DFP/1.1.130/gcc/dev/atmega32/avr5/crtatmega32.o (exit)
c:/program files (x86)/atmel/studio/7.0/toolchain/avr8/avr8-gnu-toolchain/bin/../lib/gcc/avr/4.9.2/avr5\libgcc.a(_copy_data.o)
                              main.o (__do_copy_data)
c:/program files (x86)/atmel/studio/7.0/toolchain/avr8/avr8-gnu-toolchain/bin/../lib/gcc/avr/4.9.2/avr5\libgcc.a(_clear_bss.o)
                              ADC_Program.o (__do_clear_bss)
c:/program files (x86)/atmel/studio/7.0/toolchain/avr8/avr8-gnu-toolchain/bin/../lib/gcc/avr/4.9.2/avr5\libgcc.a(_umulhisi3.o)
                              LCD_program.o (__umulhisi3)
c:/program files (x86)/atmel/studio/7.0/toolchain/avr8/avr8-gnu-toolchain/bin/../lib/gcc/avr/4.9.2/avr5\libgcc.a(_muluhisi3.o)
                              TIMER0.o (__muluhisi3)
c:/program files (x86)/atmel/studio/7.0/toolchain/avr8/avr8-gnu-toolchain/bin/../lib/gcc/avr/4.9.2/avr5\libgcc.a(_udivmodhi4.o)
                              c:/program files (x86)/atmel/studio/7.0/toolchain/avr8/avr8-gnu-toolchain/bin/../lib/gcc/avr/4.9.2/avr5\libgcc.a(_divmodhi4.o) (__udivmodhi4)
c:/program files (x86)/atmel/studio/7.0/toolchain/avr8/avr8-gnu-toolchain/bin/../lib/gcc/avr/4.9.2/../../../../avr/lib/avr5\libc.a(ltoa.o)
                              LCD_program.o (ltoa)
c:/program files (x86)/atmel/studio/7.0/toolchain/avr8/avr8-gnu-toolchain/bin/../lib/gcc/avr/4.9.2/../../../../avr/lib/avr5\libc.a(ltoa_ncheck.o)
                              c:/program files (x86)/atmel/studio/7.0/toolchain/avr8/avr8-gnu-toolchain/bin/../lib/gcc/avr/4.9.2/../../../../avr/lib/avr5\libc.a(ltoa.o) (__ltoa_ncheck)
c:/program files (x86)/atmel/studio/7.0/toolchain/avr8/avr8-gnu-toolchain/bin/../lib/gcc/avr/4.9.2/../../../../avr/lib/avr5\libc.a(ultoa_ncheck.o)
                              c:/program files (x86)/atmel/studio/7.0/toolchain/avr8/avr8-gnu-toolchain/bin/../lib/gcc/avr/4.9.2/../../../../avr/lib/avr5\libc.a(ltoa_ncheck.o) (__ultoa_common)
c:/program files (x86)/atmel/studio/7.0/toolchain/avr8/avr8-gnu-toolchain/bin/../lib/gcc/avr/4.9.2/../../../../avr/lib/avr5\libc.a(strrev.o)
                              c:/program files (x86)/atmel/studio/7.0/toolchain/avr8/avr8-gnu-toolchain/bin/../lib/gcc/avr/4.9.2/../../../../avr/lib/avr5\libc.a(ultoa_ncheck.o) (strrev)

Allocating common symbols
Common symbol       size              file

g_u8ADC_Channel     0x1               ADC_Program.o

Discarded input sections

 .data          0x00000000        0x0 C:/Program Files (x86)/Atmel/Studio/7.0/Packs/atmel/ATmega_DFP/1.1.130/gcc/dev/atmega32/avr5/crtatmega32.o
 .bss           0x00000000        0x0 C:/Program Files (x86)/Atmel/Studio/7.0/Packs/atmel/ATmega_DFP/1.1.130/gcc/dev/atmega32/avr5/crtatmega32.o
 .text          0x00000000        0x0 ADC_Program.o
 .data          0x00000000        0x0 ADC_Program.o
 .bss           0x00000000        0x0 ADC_Program.o
 .text.MCAL_ADC_StartConversionSetCallBackISR
                0x00000000       0x40 ADC_Program.o
 .text          0x00000000        0x0 DH11_SENSOR.o
 .data          0x00000000        0x0 DH11_SENSOR.o
 .bss           0x00000000        0x0 DH11_SENSOR.o
 .text.HAL_DH11_START_SIGNAL
                0x00000000       0x32 DH11_SENSOR.o
 .text.HAL_DH11_RESPONSE
                0x00000000       0x62 DH11_SENSOR.o
 .text.HAL_DH11_RECEIVE_8BITS
                0x00000000       0x70 DH11_SENSOR.o
 .debug_info    0x00000000      0x3d1 DH11_SENSOR.o
 .debug_abbrev  0x00000000      0x18f DH11_SENSOR.o
 .debug_loc     0x00000000      0x111 DH11_SENSOR.o
 .debug_aranges
                0x00000000       0x30 DH11_SENSOR.o
 .debug_ranges  0x00000000       0x20 DH11_SENSOR.o
 .debug_line    0x00000000      0x21b DH11_SENSOR.o
 .debug_str     0x00000000      0x277 DH11_SENSOR.o
 .comment       0x00000000       0x31 DH11_SENSOR.o
 .debug_frame   0x00000000       0x70 DH11_SENSOR.o
 .text          0x00000000        0x0 DIo_program.o
 .data          0x00000000        0x0 DIo_program.o
 .bss           0x00000000        0x0 DIo_program.o
 .text.MCAL_DIO_voidSetPortDirection
                0x00000000       0x20 DIo_program.o
 .text.MCAL_DIO_voidSetPortValue
                0x00000000       0x20 DIo_program.o
 .text.MCAL_DIO_voidGetPortValue
                0x00000000       0x30 DIo_program.o
 .text.MCAL_DIO_voidSetPortInputType
                0x00000000       0x20 DIo_program.o
 .text.MCAL_DIO_voidSetPinInputType
                0x00000000       0xb0 DIo_program.o
 .text          0x00000000        0x0 EEPROM.o
 .data          0x00000000        0x0 EEPROM.o
 .bss           0x00000000        0x0 EEPROM.o
 .text.MCAL_EEPROM_Write
                0x00000000       0x26 EEPROM.o
 .text.MCAL_EEPROM_Read
                0x00000000       0x2e EEPROM.o
 .bss.func_check_rd
                0x00000000        0x1 EEPROM.o
 .bss.func_check_wr
                0x00000000        0x1 EEPROM.o
 .bss.g_data    0x00000000        0x1 EEPROM.o
 .bss.g_address
                0x00000000        0x2 EEPROM.o
 .debug_info    0x00000000      0x227 EEPROM.o
 .debug_abbrev  0x00000000      0x11e EEPROM.o
 .debug_loc     0x00000000      0x114 EEPROM.o
 .debug_aranges
                0x00000000       0x28 EEPROM.o
 .debug_ranges  0x00000000       0x18 EEPROM.o
 .debug_line    0x00000000      0x143 EEPROM.o
 .debug_str     0x00000000      0x247 EEPROM.o
 .comment       0x00000000       0x31 EEPROM.o
 .debug_frame   0x00000000       0x34 EEPROM.o
 .text          0x00000000        0x0 EEPROM_24C16.o
 .data          0x00000000        0x0 EEPROM_24C16.o
 .bss           0x00000000        0x0 EEPROM_24C16.o
 .text          0x00000000        0x0 INT_program.o
 .data          0x00000000        0x0 INT_program.o
 .bss           0x00000000        0x0 INT_program.o
 .text          0x00000000        0x0 LCD_program.o
 .data          0x00000000        0x0 LCD_program.o
 .bss           0x00000000        0x0 LCD_program.o
 .text.HAL_LCD_voidWriteData
                0x00000000       0xba LCD_program.o
 .text.HAL_LCD_voidReadData
                0x00000000       0x7c LCD_program.o
 .text.HAL_LCD_voidWriteCommand
                0x00000000       0xba LCD_program.o
 .text.HAL_LCD_Init
                0x00000000       0x80 LCD_program.o
 .text.HAL_LCD_voidWriteCharacter
                0x00000000        0x6 LCD_program.o
 .text.HAL_LCD_voidWriteString
                0x00000000       0x2c LCD_program.o
 .text.HAL_LCD_voidMoveCursor
                0x00000000       0x12 LCD_program.o
 .text.HAL_LCD_voidClr
                0x00000000       0x20 LCD_program.o
 .text.HAL_LCD_SpecialChar
                0x00000000       0x48 LCD_program.o
 .text.HAL_LCD_voidShiftCursorRight
                0x00000000       0x10 LCD_program.o
 .text.HAL_LCD_voidShiftCursorLeft
                0x00000000       0x14 LCD_program.o
 .text.HAL_LCD_voidWriteNumber
                0x00000000       0xbc LCD_program.o
 .text.HAL_LCD_DecimalNumber
                0x00000000      0x204 LCD_program.o
 .text.HAL_LCD_printNumber
                0x00000000       0x3c LCD_program.o
 .text.HAL_LCD_clear
                0x00000000       0x14 LCD_program.o
 .debug_info    0x00000000      0xf8c LCD_program.o
 .debug_abbrev  0x00000000      0x2ca LCD_program.o
 .debug_loc     0x00000000      0x8ae LCD_program.o
 .debug_aranges
                0x00000000       0x90 LCD_program.o
 .debug_ranges  0x00000000       0x80 LCD_program.o
 .debug_line    0x00000000      0x543 LCD_program.o
 .debug_str     0x00000000      0x46c LCD_program.o
 .comment       0x00000000       0x31 LCD_program.o
 .debug_frame   0x00000000      0x1d4 LCD_program.o
 .text          0x00000000        0x0 main.o
 .data          0x00000000        0x0 main.o
 .bss           0x00000000        0x0 main.o
 .text.Timer1_ISR
                0x00000000       0x1c main.o
 .bss.logic.2002
                0x00000000        0x1 main.o
 .text          0x00000000        0x0 MAX7221_MODULE.o
 .data          0x00000000        0x0 MAX7221_MODULE.o
 .bss           0x00000000        0x0 MAX7221_MODULE.o
 .text.HAL_MAX7221_DISPLAY
                0x00000000       0x2e MAX7221_MODULE.o
 .text          0x00000000        0x0 N5110_LCD.o
 .data          0x00000000        0x0 N5110_LCD.o
 .bss           0x00000000        0x0 N5110_LCD.o
 .text.HAL_N5110_RESET
                0x00000000       0x28 N5110_LCD.o
 .text.HAL_N5110_CMND
                0x00000000       0x2e N5110_LCD.o
 .text.HAL_N5110_Init
                0x00000000       0x3e N5110_LCD.o
 .text.HAL_N5110_DATA
                0x00000000       0x94 N5110_LCD.o
 .text.HAL_N5110_SET_XY
                0x00000000       0x12 N5110_LCD.o
 .text.HAL_N5110_CLEAR
                0x00000000       0x18 N5110_LCD.o
 .rodata.ASCII  0x00000000      0x1e0 N5110_LCD.o
 .debug_info    0x00000000      0x57e N5110_LCD.o
 .debug_abbrev  0x00000000      0x1e0 N5110_LCD.o
 .debug_loc     0x00000000      0x1c6 N5110_LCD.o
 .debug_aranges
                0x00000000       0x48 N5110_LCD.o
 .debug_ranges  0x00000000       0x50 N5110_LCD.o
 .debug_line    0x00000000      0x29b N5110_LCD.o
 .debug_str     0x00000000      0x325 N5110_LCD.o
 .comment       0x00000000       0x31 N5110_LCD.o
 .debug_frame   0x00000000       0xac N5110_LCD.o
 .text          0x00000000        0x0 RTC_DS1307.o
 .data          0x00000000        0x0 RTC_DS1307.o
 .bss           0x00000000        0x0 RTC_DS1307.o
 .text.HAL_RTC_RD_Year
                0x00000000       0x40 RTC_DS1307.o
 .text.HAL_RTC_RD_Month
                0x00000000       0x40 RTC_DS1307.o
 .text.HAL_RTC_RD_Date
                0x00000000       0x40 RTC_DS1307.o
 .text.HAL_RTC_RD_Day
                0x00000000       0x40 RTC_DS1307.o
 .text.HAL_RTC_RD_Hours
                0x00000000       0x42 RTC_DS1307.o
 .text.HAL_RTC_RD_Minutes
                0x00000000       0x40 RTC_DS1307.o
 .text.HAL_RTC_RD_Seconds
                0x00000000       0x40 RTC_DS1307.o
 .text.HAL_RTC_Init
                0x00000000       0x1e RTC_DS1307.o
 .text.HAL_RTC_WR_CLOCK
                0x00000000       0x40 RTC_DS1307.o
 .text.isPM     0x00000000       0x46 RTC_DS1307.o
 .text.HAL_RTC_WR_CALENDER
                0x00000000       0x3c RTC_DS1307.o
 .data.HAL_RTC_RD
                0x00000000        0xe RTC_DS1307.o
 .debug_info    0x00000000      0x85b RTC_DS1307.o
 .debug_abbrev  0x00000000      0x164 RTC_DS1307.o
 .debug_loc     0x00000000      0x424 RTC_DS1307.o
 .debug_aranges
                0x00000000       0x70 RTC_DS1307.o
 .debug_ranges  0x00000000       0x60 RTC_DS1307.o
 .debug_line    0x00000000      0x3a2 RTC_DS1307.o
 .debug_str     0x00000000      0x32e RTC_DS1307.o
 .comment       0x00000000       0x31 RTC_DS1307.o
 .debug_frame   0x00000000      0x164 RTC_DS1307.o
 .text          0x00000000        0x0 SPI.o
 .data          0x00000000        0x0 SPI.o
 .bss           0x00000000        0x0 SPI.o
 .text.MCAL_SPI_Receive
                0x00000000       0x10 SPI.o
 .text          0x00000000        0x0 TIMER0.o
 .data          0x00000000        0x0 TIMER0.o
 .bss           0x00000000        0x0 TIMER0.o
 .text.MCAL_TIMER0_WITHOUT_INTERRUPT_Initialization
                0x00000000       0x20 TIMER0.o
 .text.MCAL_TIMER0_WITHOUT_INTERRUPT_Set_Delay
                0x00000000       0x84 TIMER0.o
 .text.MCAL_TIMER0_FastPWM_Initialization
                0x00000000       0x2e TIMER0.o
 .text.MCAL_TIMER0_FastPWM_Set_Duty
                0x00000000       0x16 TIMER0.o
 .text.MCAL_TIMER0_PhasePWM_Initialization
                0x00000000       0x2c TIMER0.o
 .text.MCAL_TIMER0_PhasePWM_Set_Duty
                0x00000000       0x16 TIMER0.o
 .bss.Timer0_Num_CTC
                0x00000000        0x4 TIMER0.o
 .text          0x00000000        0x0 TIMER1.o
 .data          0x00000000        0x0 TIMER1.o
 .bss           0x00000000        0x0 TIMER1.o
 .text.MCAL_TIMER1_WITH_INTERRUPT_Initialization
                0x00000000       0x22 TIMER1.o
 .text.MCAL_TIMER1_WITH_INTERRUPT_Set_Delay
                0x00000000       0x58 TIMER1.o
 .text.MCAL_TIMER1_FastPWM_Initialization
                0x00000000       0x24 TIMER1.o
 .text.MCAL_TIMER1_PhasePWM_Initialization
                0x00000000       0x24 TIMER1.o
 .text.MCAL_TIMER1_PWM_Set_Duty
                0x00000000        0x2 TIMER1.o
 .text.MCAL_TIMER1_STOP
                0x00000000       0x14 TIMER1.o
 .text.MCAL_TIMER1_RESUME
                0x00000000        0xa TIMER1.o
 .bss.Timer1_g_checkDesired
                0x00000000        0x1 TIMER1.o
 .text          0x00000000        0x0 TIMER2.o
 .data          0x00000000        0x0 TIMER2.o
 .bss           0x00000000        0x0 TIMER2.o
 .text.MCAL_TIMER2_WITHOUT_INTERRUPT_Initialization
                0x00000000       0x20 TIMER2.o
 .text.MCAL_TIMER2_WITHOUT_INTERRUPT_Set_Delay
                0x00000000       0x84 TIMER2.o
 .text.MCAL_TIMER2_FastPWM_Initialization
                0x00000000       0x2e TIMER2.o
 .text.MCAL_TIMER2_FastPWM_Set_Duty
                0x00000000       0x12 TIMER2.o
 .text.MCAL_TIMER2_PhasePWM_Initialization
                0x00000000       0x2c TIMER2.o
 .text.MCAL_TIMER2_PhasePWM_Set_Duty
                0x00000000       0x12 TIMER2.o
 .text.MCAL_TIMER2_STOP
                0x00000000       0x14 TIMER2.o
 .text.MCAL_TIMER2_RESUME
                0x00000000        0xa TIMER2.o
 .bss.TIMER2_Num_CTC
                0x00000000        0x4 TIMER2.o
 .text          0x00000000        0x0 TWI.o
 .data          0x00000000        0x0 TWI.o
 .bss           0x00000000        0x0 TWI.o
 .text.MCAL_TWI_SLAVE_Init
                0x00000000        0xa TWI.o
 .text.MCAL_TWI_SLAVE_Available
                0x00000000        0xa TWI.o
 .text.MCAL_TWI_Slave_Listen
                0x00000000       0x1a TWI.o
 .text.MCAL_TWI_SLAVE_RECIEVE_Data
                0x00000000       0x20 TWI.o
 .text.MCAL_TWI_Master_RECIEVE_Data_NACK
                0x00000000       0x1a TWI.o
 .text.MCAL_TWI_SLAVE_TRANSMIT_Data
                0x00000000       0x1a TWI.o
 .text          0x00000000        0x0 UART.o
 .data          0x00000000        0x0 UART.o
 .bss           0x00000000        0x0 UART.o
 .text.MCAL_UART_Transmit
                0x00000000        0xc UART.o
 .text.MCAL_UART_Transmit_String
                0x00000000       0x2c UART.o
 .text.MCAL_UART_Receive_Char
                0x00000000        0x8 UART.o
 .text.Serial_available
                0x00000000        0xa UART.o
 .text          0x00000000        0x0 Watchdog_Timer.o
 .data          0x00000000        0x0 Watchdog_Timer.o
 .bss           0x00000000        0x0 Watchdog_Timer.o
 .text.MCAL_WDT_ON
                0x00000000       0x10 Watchdog_Timer.o
 .text.MCAL_WDT_RESET
                0x00000000        0x4 Watchdog_Timer.o
 .text.MCAL_WDT_OFF
                0x00000000        0x8 Watchdog_Timer.o
 .debug_info    0x00000000      0x105 Watchdog_Timer.o
 .debug_abbrev  0x00000000       0x8e Watchdog_Timer.o
 .debug_loc     0x00000000       0x21 Watchdog_Timer.o
 .debug_aranges
                0x00000000       0x30 Watchdog_Timer.o
 .debug_ranges  0x00000000       0x20 Watchdog_Timer.o
 .debug_line    0x00000000       0xf7 Watchdog_Timer.o
 .debug_str     0x00000000      0x24c Watchdog_Timer.o
 .comment       0x00000000       0x31 Watchdog_Timer.o
 .debug_frame   0x00000000       0x44 Watchdog_Timer.o
 .text          0x00000000        0x0 c:/program files (x86)/atmel/studio/7.0/toolchain/avr8/avr8-gnu-toolchain/bin/../lib/gcc/avr/4.9.2/../../../../avr/lib/avr5\libm.a(addsf3.o)
 .data          0x00000000        0x0 c:/program files (x86)/atmel/studio/7.0/toolchain/avr8/avr8-gnu-toolchain/bin/../lib/gcc/avr/4.9.2/../../../../avr/lib/avr5\libm.a(addsf3.o)
 .bss           0x00000000        0x0 c:/program files (x86)/atmel/studio/7.0/toolchain/avr8/avr8-gnu-toolchain/bin/../lib/gcc/avr/4.9.2/../../../../avr/lib/avr5\libm.a(addsf3.o)
 .text          0x00000000        0x0 c:/program files (x86)/atmel/studio/7.0/toolchain/avr8/avr8-gnu-toolchain/bin/../lib/gcc/avr/4.9.2/../../../../avr/lib/avr5\libm.a(addsf3x.o)
 .data          0x00000000        0x0 c:/program files (x86)/atmel/studio/7.0/toolchain/avr8/avr8-gnu-toolchain/bin/../lib/gcc/avr/4.9.2/../../../../avr/lib/avr5\libm.a(addsf3x.o)
 .bss           0x00000000        0x0 c:/program files (x86)/atmel/studio/7.0/toolchain/avr8/avr8-gnu-toolchain/bin/../lib/gcc/avr/4.9.2/../../../../avr/lib/avr5\libm.a(addsf3x.o)
 .text          0x00000000        0x0 c:/program files (x86)/atmel/studio/7.0/toolchain/avr8/avr8-gnu-toolchain/bin/../lib/gcc/avr/4.9.2/../../../../avr/lib/avr5\libm.a(fixunssfsi.o)
 .data          0x00000000        0x0 c:/program files (x86)/atmel/studio/7.0/toolchain/avr8/avr8-gnu-toolchain/bin/../lib/gcc/avr/4.9.2/../../../../avr/lib/avr5\libm.a(fixunssfsi.o)
 .bss           0x00000000        0x0 c:/program files (x86)/atmel/studio/7.0/toolchain/avr8/avr8-gnu-toolchain/bin/../lib/gcc/avr/4.9.2/../../../../avr/lib/avr5\libm.a(fixunssfsi.o)
 .text          0x00000000        0x0 c:/program files (x86)/atmel/studio/7.0/toolchain/avr8/avr8-gnu-toolchain/bin/../lib/gcc/avr/4.9.2/../../../../avr/lib/avr5\libm.a(floatsisf.o)
 .data          0x00000000        0x0 c:/program files (x86)/atmel/studio/7.0/toolchain/avr8/avr8-gnu-toolchain/bin/../lib/gcc/avr/4.9.2/../../../../avr/lib/avr5\libm.a(floatsisf.o)
 .bss           0x00000000        0x0 c:/program files (x86)/atmel/studio/7.0/toolchain/avr8/avr8-gnu-toolchain/bin/../lib/gcc/avr/4.9.2/../../../../avr/lib/avr5\libm.a(floatsisf.o)
 .text          0x00000000        0x0 c:/program files (x86)/atmel/studio/7.0/toolchain/avr8/avr8-gnu-toolchain/bin/../lib/gcc/avr/4.9.2/../../../../avr/lib/avr5\libm.a(fp_inf.o)
 .data          0x00000000        0x0 c:/program files (x86)/atmel/studio/7.0/toolchain/avr8/avr8-gnu-toolchain/bin/../lib/gcc/avr/4.9.2/../../../../avr/lib/avr5\libm.a(fp_inf.o)
 .bss           0x00000000        0x0 c:/program files (x86)/atmel/studio/7.0/toolchain/avr8/avr8-gnu-toolchain/bin/../lib/gcc/avr/4.9.2/../../../../avr/lib/avr5\libm.a(fp_inf.o)
 .text          0x00000000        0x0 c:/program files (x86)/atmel/studio/7.0/toolchain/avr8/avr8-gnu-toolchain/bin/../lib/gcc/avr/4.9.2/../../../../avr/lib/avr5\libm.a(fp_nan.o)
 .data          0x00000000        0x0 c:/program files (x86)/atmel/studio/7.0/toolchain/avr8/avr8-gnu-toolchain/bin/../lib/gcc/avr/4.9.2/../../../../avr/lib/avr5\libm.a(fp_nan.o)
 .bss           0x00000000        0x0 c:/program files (x86)/atmel/studio/7.0/toolchain/avr8/avr8-gnu-toolchain/bin/../lib/gcc/avr/4.9.2/../../../../avr/lib/avr5\libm.a(fp_nan.o)
 .text          0x00000000        0x0 c:/program files (x86)/atmel/studio/7.0/toolchain/avr8/avr8-gnu-toolchain/bin/../lib/gcc/avr/4.9.2/../../../../avr/lib/avr5\libm.a(fp_pscA.o)
 .data          0x00000000        0x0 c:/program files (x86)/atmel/studio/7.0/toolchain/avr8/avr8-gnu-toolchain/bin/../lib/gcc/avr/4.9.2/../../../../avr/lib/avr5\libm.a(fp_pscA.o)
 .bss           0x00000000        0x0 c:/program files (x86)/atmel/studio/7.0/toolchain/avr8/avr8-gnu-toolchain/bin/../lib/gcc/avr/4.9.2/../../../../avr/lib/avr5\libm.a(fp_pscA.o)
 .text          0x00000000        0x0 c:/program files (x86)/atmel/studio/7.0/toolchain/avr8/avr8-gnu-toolchain/bin/../lib/gcc/avr/4.9.2/../../../../avr/lib/avr5\libm.a(fp_pscB.o)
 .data          0x00000000        0x0 c:/program files (x86)/atmel/studio/7.0/toolchain/avr8/avr8-gnu-toolchain/bin/../lib/gcc/avr/4.9.2/../../../../avr/lib/avr5\libm.a(fp_pscB.o)
 .bss           0x00000000        0x0 c:/program files (x86)/atmel/studio/7.0/toolchain/avr8/avr8-gnu-toolchain/bin/../lib/gcc/avr/4.9.2/../../../../avr/lib/avr5\libm.a(fp_pscB.o)
 .text          0x00000000        0x0 c:/program files (x86)/atmel/studio/7.0/toolchain/avr8/avr8-gnu-toolchain/bin/../lib/gcc/avr/4.9.2/../../../../avr/lib/avr5\libm.a(fp_round.o)
 .data          0x00000000        0x0 c:/program files (x86)/atmel/studio/7.0/toolchain/avr8/avr8-gnu-toolchain/bin/../lib/gcc/avr/4.9.2/../../../../avr/lib/avr5\libm.a(fp_round.o)
 .bss           0x00000000        0x0 c:/program files (x86)/atmel/studio/7.0/toolchain/avr8/avr8-gnu-toolchain/bin/../lib/gcc/avr/4.9.2/../../../../avr/lib/avr5\libm.a(fp_round.o)
 .text          0x00000000        0x0 c:/program files (x86)/atmel/studio/7.0/toolchain/avr8/avr8-gnu-toolchain/bin/../lib/gcc/avr/4.9.2/../../../../avr/lib/avr5\libm.a(fp_split3.o)
 .data          0x00000000        0x0 c:/program files (x86)/atmel/studio/7.0/toolchain/avr8/avr8-gnu-toolchain/bin/../lib/gcc/avr/4.9.2/../../../../avr/lib/avr5\libm.a(fp_split3.o)
 .bss           0x00000000        0x0 c:/program files (x86)/atmel/studio/7.0/toolchain/avr8/avr8-gnu-toolchain/bin/../lib/gcc/avr/4.9.2/../../../../avr/lib/avr5\libm.a(fp_split3.o)
 .text          0x00000000        0x0 c:/program files (x86)/atmel/studio/7.0/toolchain/avr8/avr8-gnu-toolchain/bin/../lib/gcc/avr/4.9.2/../../../../avr/lib/avr5\libm.a(fp_zero.o)
 .data          0x00000000        0x0 c:/program files (x86)/atmel/studio/7.0/toolchain/avr8/avr8-gnu-toolchain/bin/../lib/gcc/avr/4.9.2/../../../../avr/lib/avr5\libm.a(fp_zero.o)
 .bss           0x00000000        0x0 c:/program files (x86)/atmel/studio/7.0/toolchain/avr8/avr8-gnu-toolchain/bin/../lib/gcc/avr/4.9.2/../../../../avr/lib/avr5\libm.a(fp_zero.o)
 .text          0x00000000        0x0 c:/program files (x86)/atmel/studio/7.0/toolchain/avr8/avr8-gnu-toolchain/bin/../lib/gcc/avr/4.9.2/../../../../avr/lib/avr5\libm.a(mulsf3.o)
 .data          0x00000000        0x0 c:/program files (x86)/atmel/studio/7.0/toolchain/avr8/avr8-gnu-toolchain/bin/../lib/gcc/avr/4.9.2/../../../../avr/lib/avr5\libm.a(mulsf3.o)
 .bss           0x00000000        0x0 c:/program files (x86)/atmel/studio/7.0/toolchain/avr8/avr8-gnu-toolchain/bin/../lib/gcc/avr/4.9.2/../../../../avr/lib/avr5\libm.a(mulsf3.o)
 .text          0x00000000        0x0 c:/program files (x86)/atmel/studio/7.0/toolchain/avr8/avr8-gnu-toolchain/bin/../lib/gcc/avr/4.9.2/../../../../avr/lib/avr5\libm.a(mulsf3x.o)
 .data          0x00000000        0x0 c:/program files (x86)/atmel/studio/7.0/toolchain/avr8/avr8-gnu-toolchain/bin/../lib/gcc/avr/4.9.2/../../../../avr/lib/avr5\libm.a(mulsf3x.o)
 .bss           0x00000000        0x0 c:/program files (x86)/atmel/studio/7.0/toolchain/avr8/avr8-gnu-toolchain/bin/../lib/gcc/avr/4.9.2/../../../../avr/lib/avr5\libm.a(mulsf3x.o)
 .text          0x00000000        0x0 c:/program files (x86)/atmel/studio/7.0/toolchain/avr8/avr8-gnu-toolchain/bin/../lib/gcc/avr/4.9.2/../../../../avr/lib/avr5\libm.a(pow.o)
 .data          0x00000000        0x0 c:/program files (x86)/atmel/studio/7.0/toolchain/avr8/avr8-gnu-toolchain/bin/../lib/gcc/avr/4.9.2/../../../../avr/lib/avr5\libm.a(pow.o)
 .bss           0x00000000        0x0 c:/program files (x86)/atmel/studio/7.0/toolchain/avr8/avr8-gnu-toolchain/bin/../lib/gcc/avr/4.9.2/../../../../avr/lib/avr5\libm.a(pow.o)
 .text          0x00000000        0x0 c:/program files (x86)/atmel/studio/7.0/toolchain/avr8/avr8-gnu-toolchain/bin/../lib/gcc/avr/4.9.2/../../../../avr/lib/avr5\libm.a(exp.o)
 .data          0x00000000        0x0 c:/program files (x86)/atmel/studio/7.0/toolchain/avr8/avr8-gnu-toolchain/bin/../lib/gcc/avr/4.9.2/../../../../avr/lib/avr5\libm.a(exp.o)
 .bss           0x00000000        0x0 c:/program files (x86)/atmel/studio/7.0/toolchain/avr8/avr8-gnu-toolchain/bin/../lib/gcc/avr/4.9.2/../../../../avr/lib/avr5\libm.a(exp.o)
 .text          0x00000000        0x0 c:/program files (x86)/atmel/studio/7.0/toolchain/avr8/avr8-gnu-toolchain/bin/../lib/gcc/avr/4.9.2/../../../../avr/lib/avr5\libm.a(fp_powser.o)
 .data          0x00000000        0x0 c:/program files (x86)/atmel/studio/7.0/toolchain/avr8/avr8-gnu-toolchain/bin/../lib/gcc/avr/4.9.2/../../../../avr/lib/avr5\libm.a(fp_powser.o)
 .bss           0x00000000        0x0 c:/program files (x86)/atmel/studio/7.0/toolchain/avr8/avr8-gnu-toolchain/bin/../lib/gcc/avr/4.9.2/../../../../avr/lib/avr5\libm.a(fp_powser.o)
 .text          0x00000000        0x0 c:/program files (x86)/atmel/studio/7.0/toolchain/avr8/avr8-gnu-toolchain/bin/../lib/gcc/avr/4.9.2/../../../../avr/lib/avr5\libm.a(inverse.o)
 .data          0x00000000        0x0 c:/program files (x86)/atmel/studio/7.0/toolchain/avr8/avr8-gnu-toolchain/bin/../lib/gcc/avr/4.9.2/../../../../avr/lib/avr5\libm.a(inverse.o)
 .bss           0x00000000        0x0 c:/program files (x86)/atmel/studio/7.0/toolchain/avr8/avr8-gnu-toolchain/bin/../lib/gcc/avr/4.9.2/../../../../avr/lib/avr5\libm.a(inverse.o)
 .text          0x00000000        0x0 c:/program files (x86)/atmel/studio/7.0/toolchain/avr8/avr8-gnu-toolchain/bin/../lib/gcc/avr/4.9.2/../../../../avr/lib/avr5\libm.a(ldexp.o)
 .data          0x00000000        0x0 c:/program files (x86)/atmel/studio/7.0/toolchain/avr8/avr8-gnu-toolchain/bin/../lib/gcc/avr/4.9.2/../../../../avr/lib/avr5\libm.a(ldexp.o)
 .bss           0x00000000        0x0 c:/program files (x86)/atmel/studio/7.0/toolchain/avr8/avr8-gnu-toolchain/bin/../lib/gcc/avr/4.9.2/../../../../avr/lib/avr5\libm.a(ldexp.o)
 .text          0x00000000        0x0 c:/program files (x86)/atmel/studio/7.0/toolchain/avr8/avr8-gnu-toolchain/bin/../lib/gcc/avr/4.9.2/../../../../avr/lib/avr5\libm.a(log.o)
 .data          0x00000000        0x0 c:/program files (x86)/atmel/studio/7.0/toolchain/avr8/avr8-gnu-toolchain/bin/../lib/gcc/avr/4.9.2/../../../../avr/lib/avr5\libm.a(log.o)
 .bss           0x00000000        0x0 c:/program files (x86)/atmel/studio/7.0/toolchain/avr8/avr8-gnu-toolchain/bin/../lib/gcc/avr/4.9.2/../../../../avr/lib/avr5\libm.a(log.o)
 .text          0x00000000        0x0 c:/program files (x86)/atmel/studio/7.0/toolchain/avr8/avr8-gnu-toolchain/bin/../lib/gcc/avr/4.9.2/../../../../avr/lib/avr5\libm.a(modf.o)
 .data          0x00000000        0x0 c:/program files (x86)/atmel/studio/7.0/toolchain/avr8/avr8-gnu-toolchain/bin/../lib/gcc/avr/4.9.2/../../../../avr/lib/avr5\libm.a(modf.o)
 .bss           0x00000000        0x0 c:/program files (x86)/atmel/studio/7.0/toolchain/avr8/avr8-gnu-toolchain/bin/../lib/gcc/avr/4.9.2/../../../../avr/lib/avr5\libm.a(modf.o)
 .text          0x00000000        0x0 c:/program files (x86)/atmel/studio/7.0/toolchain/avr8/avr8-gnu-toolchain/bin/../lib/gcc/avr/4.9.2/../../../../avr/lib/avr5\libm.a(divsf3.o)
 .data          0x00000000        0x0 c:/program files (x86)/atmel/studio/7.0/toolchain/avr8/avr8-gnu-toolchain/bin/../lib/gcc/avr/4.9.2/../../../../avr/lib/avr5\libm.a(divsf3.o)
 .bss           0x00000000        0x0 c:/program files (x86)/atmel/studio/7.0/toolchain/avr8/avr8-gnu-toolchain/bin/../lib/gcc/avr/4.9.2/../../../../avr/lib/avr5\libm.a(divsf3.o)
 .text          0x00000000        0x0 c:/program files (x86)/atmel/studio/7.0/toolchain/avr8/avr8-gnu-toolchain/bin/../lib/gcc/avr/4.9.2/../../../../avr/lib/avr5\libm.a(divsf3x.o)
 .data          0x00000000        0x0 c:/program files (x86)/atmel/studio/7.0/toolchain/avr8/avr8-gnu-toolchain/bin/../lib/gcc/avr/4.9.2/../../../../avr/lib/avr5\libm.a(divsf3x.o)
 .bss           0x00000000        0x0 c:/program files (x86)/atmel/studio/7.0/toolchain/avr8/avr8-gnu-toolchain/bin/../lib/gcc/avr/4.9.2/../../../../avr/lib/avr5\libm.a(divsf3x.o)
 .text          0x00000000        0x0 c:/program files (x86)/atmel/studio/7.0/toolchain/avr8/avr8-gnu-toolchain/bin/../lib/gcc/avr/4.9.2/../../../../avr/lib/avr5\libm.a(fp_mpack.o)
 .data          0x00000000        0x0 c:/program files (x86)/atmel/studio/7.0/toolchain/avr8/avr8-gnu-toolchain/bin/../lib/gcc/avr/4.9.2/../../../../avr/lib/avr5\libm.a(fp_mpack.o)
 .bss           0x00000000        0x0 c:/program files (x86)/atmel/studio/7.0/toolchain/avr8/avr8-gnu-toolchain/bin/../lib/gcc/avr/4.9.2/../../../../avr/lib/avr5\libm.a(fp_mpack.o)
 .text          0x00000000        0x0 c:/program files (x86)/atmel/studio/7.0/toolchain/avr8/avr8-gnu-toolchain/bin/../lib/gcc/avr/4.9.2/avr5\libgcc.a(_divmodhi4.o)
 .data          0x00000000        0x0 c:/program files (x86)/atmel/studio/7.0/toolchain/avr8/avr8-gnu-toolchain/bin/../lib/gcc/avr/4.9.2/avr5\libgcc.a(_divmodhi4.o)
 .bss           0x00000000        0x0 c:/program files (x86)/atmel/studio/7.0/toolchain/avr8/avr8-gnu-toolchain/bin/../lib/gcc/avr/4.9.2/avr5\libgcc.a(_divmodhi4.o)
 .text.libgcc.mul
                0x00000000        0x0 c:/program files (x86)/atmel/studio/7.0/toolchain/avr8/avr8-gnu-toolchain/bin/../lib/gcc/avr/4.9.2/avr5\libgcc.a(_divmodhi4.o)
 .text.libgcc.div
                0x00000000       0x28 c:/program files (x86)/atmel/studio/7.0/toolchain/avr8/avr8-gnu-toolchain/bin/../lib/gcc/avr/4.9.2/avr5\libgcc.a(_divmodhi4.o)
 .text.libgcc   0x00000000        0x0 c:/program files (x86)/atmel/studio/7.0/toolchain/avr8/avr8-gnu-toolchain/bin/../lib/gcc/avr/4.9.2/avr5\libgcc.a(_divmodhi4.o)
 .text.libgcc.prologue
                0x00000000        0x0 c:/program files (x86)/atmel/studio/7.0/toolchain/avr8/avr8-gnu-toolchain/bin/../lib/gcc/avr/4.9.2/avr5\libgcc.a(_divmodhi4.o)
 .text.libgcc.builtins
                0x00000000        0x0 c:/program files (x86)/atmel/studio/7.0/toolchain/avr8/avr8-gnu-toolchain/bin/../lib/gcc/avr/4.9.2/avr5\libgcc.a(_divmodhi4.o)
 .text.libgcc.fmul
                0x00000000        0x0 c:/program files (x86)/atmel/studio/7.0/toolchain/avr8/avr8-gnu-toolchain/bin/../lib/gcc/avr/4.9.2/avr5\libgcc.a(_divmodhi4.o)
 .text.libgcc.fixed
                0x00000000        0x0 c:/program files (x86)/atmel/studio/7.0/toolchain/avr8/avr8-gnu-toolchain/bin/../lib/gcc/avr/4.9.2/avr5\libgcc.a(_divmodhi4.o)
 .text          0x00000000        0x0 c:/program files (x86)/atmel/studio/7.0/toolchain/avr8/avr8-gnu-toolchain/bin/../lib/gcc/avr/4.9.2/avr5\libgcc.a(_exit.o)
 .data          0x00000000        0x0 c:/program files (x86)/atmel/studio/7.0/toolchain/avr8/avr8-gnu-toolchain/bin/../lib/gcc/avr/4.9.2/avr5\libgcc.a(_exit.o)
 .bss           0x00000000        0x0 c:/program files (x86)/atmel/studio/7.0/toolchain/avr8/avr8-gnu-toolchain/bin/../lib/gcc/avr/4.9.2/avr5\libgcc.a(_exit.o)
 .text.libgcc.mul
                0x00000000        0x0 c:/program files (x86)/atmel/studio/7.0/toolchain/avr8/avr8-gnu-toolchain/bin/../lib/gcc/avr/4.9.2/avr5\libgcc.a(_exit.o)
 .text.libgcc.div
                0x00000000        0x0 c:/program files (x86)/atmel/studio/7.0/toolchain/avr8/avr8-gnu-toolchain/bin/../lib/gcc/avr/4.9.2/avr5\libgcc.a(_exit.o)
 .text.libgcc   0x00000000        0x0 c:/program files (x86)/atmel/studio/7.0/toolchain/avr8/avr8-gnu-toolchain/bin/../lib/gcc/avr/4.9.2/avr5\libgcc.a(_exit.o)
 .text.libgcc.prologue
                0x00000000        0x0 c:/program files (x86)/atmel/studio/7.0/toolchain/avr8/avr8-gnu-toolchain/bin/../lib/gcc/avr/4.9.2/avr5\libgcc.a(_exit.o)
 .text.libgcc.builtins
                0x00000000        0x0 c:/program files (x86)/atmel/studio/7.0/toolchain/avr8/avr8-gnu-toolchain/bin/../lib/gcc/avr/4.9.2/avr5\libgcc.a(_exit.o)
 .text.libgcc.fmul
                0x00000000        0x0 c:/program files (x86)/atmel/studio/7.0/toolchain/avr8/avr8-gnu-toolchain/bin/../lib/gcc/avr/4.9.2/avr5\libgcc.a(_exit.o)
 .text.libgcc.fixed
                0x00000000        0x0 c:/program files (x86)/atmel/studio/7.0/toolchain/avr8/avr8-gnu-toolchain/bin/../lib/gcc/avr/4.9.2/avr5\libgcc.a(_exit.o)
 .text          0x00000000        0x0 c:/program files (x86)/atmel/studio/7.0/toolchain/avr8/avr8-gnu-toolchain/bin/../lib/gcc/avr/4.9.2/avr5\libgcc.a(_copy_data.o)
 .data          0x00000000        0x0 c:/program files (x86)/atmel/studio/7.0/toolchain/avr8/avr8-gnu-toolchain/bin/../lib/gcc/avr/4.9.2/avr5\libgcc.a(_copy_data.o)
 .bss           0x00000000        0x0 c:/program files (x86)/atmel/studio/7.0/toolchain/avr8/avr8-gnu-toolchain/bin/../lib/gcc/avr/4.9.2/avr5\libgcc.a(_copy_data.o)
 .text.libgcc.mul
                0x00000000        0x0 c:/program files (x86)/atmel/studio/7.0/toolchain/avr8/avr8-gnu-toolchain/bin/../lib/gcc/avr/4.9.2/avr5\libgcc.a(_copy_data.o)
 .text.libgcc.div
                0x00000000        0x0 c:/program files (x86)/atmel/studio/7.0/toolchain/avr8/avr8-gnu-toolchain/bin/../lib/gcc/avr/4.9.2/avr5\libgcc.a(_copy_data.o)
 .text.libgcc   0x00000000        0x0 c:/program files (x86)/atmel/studio/7.0/toolchain/avr8/avr8-gnu-toolchain/bin/../lib/gcc/avr/4.9.2/avr5\libgcc.a(_copy_data.o)
 .text.libgcc.prologue
                0x00000000        0x0 c:/program files (x86)/atmel/studio/7.0/toolchain/avr8/avr8-gnu-toolchain/bin/../lib/gcc/avr/4.9.2/avr5\libgcc.a(_copy_data.o)
 .text.libgcc.builtins
                0x00000000        0x0 c:/program files (x86)/atmel/studio/7.0/toolchain/avr8/avr8-gnu-toolchain/bin/../lib/gcc/avr/4.9.2/avr5\libgcc.a(_copy_data.o)
 .text.libgcc.fmul
                0x00000000        0x0 c:/program files (x86)/atmel/studio/7.0/toolchain/avr8/avr8-gnu-toolchain/bin/../lib/gcc/avr/4.9.2/avr5\libgcc.a(_copy_data.o)
 .text.libgcc.fixed
                0x00000000        0x0 c:/program files (x86)/atmel/studio/7.0/toolchain/avr8/avr8-gnu-toolchain/bin/../lib/gcc/avr/4.9.2/avr5\libgcc.a(_copy_data.o)
 .text          0x00000000        0x0 c:/program files (x86)/atmel/studio/7.0/toolchain/avr8/avr8-gnu-toolchain/bin/../lib/gcc/avr/4.9.2/avr5\libgcc.a(_clear_bss.o)
 .data          0x00000000        0x0 c:/program files (x86)/atmel/studio/7.0/toolchain/avr8/avr8-gnu-toolchain/bin/../lib/gcc/avr/4.9.2/avr5\libgcc.a(_clear_bss.o)
 .bss           0x00000000        0x0 c:/program files (x86)/atmel/studio/7.0/toolchain/avr8/avr8-gnu-toolchain/bin/../lib/gcc/avr/4.9.2/avr5\libgcc.a(_clear_bss.o)
 .text.libgcc.mul
                0x00000000        0x0 c:/program files (x86)/atmel/studio/7.0/toolchain/avr8/avr8-gnu-toolchain/bin/../lib/gcc/avr/4.9.2/avr5\libgcc.a(_clear_bss.o)
 .text.libgcc.div
                0x00000000        0x0 c:/program files (x86)/atmel/studio/7.0/toolchain/avr8/avr8-gnu-toolchain/bin/../lib/gcc/avr/4.9.2/avr5\libgcc.a(_clear_bss.o)
 .text.libgcc   0x00000000        0x0 c:/program files (x86)/atmel/studio/7.0/toolchain/avr8/avr8-gnu-toolchain/bin/../lib/gcc/avr/4.9.2/avr5\libgcc.a(_clear_bss.o)
 .text.libgcc.prologue
                0x00000000        0x0 c:/program files (x86)/atmel/studio/7.0/toolchain/avr8/avr8-gnu-toolchain/bin/../lib/gcc/avr/4.9.2/avr5\libgcc.a(_clear_bss.o)
 .text.libgcc.builtins
                0x00000000        0x0 c:/program files (x86)/atmel/studio/7.0/toolchain/avr8/avr8-gnu-toolchain/bin/../lib/gcc/avr/4.9.2/avr5\libgcc.a(_clear_bss.o)
 .text.libgcc.fmul
                0x00000000        0x0 c:/program files (x86)/atmel/studio/7.0/toolchain/avr8/avr8-gnu-toolchain/bin/../lib/gcc/avr/4.9.2/avr5\libgcc.a(_clear_bss.o)
 .text.libgcc.fixed
                0x00000000        0x0 c:/program files (x86)/atmel/studio/7.0/toolchain/avr8/avr8-gnu-toolchain/bin/../lib/gcc/avr/4.9.2/avr5\libgcc.a(_clear_bss.o)
 .text          0x00000000        0x0 c:/program files (x86)/atmel/studio/7.0/toolchain/avr8/avr8-gnu-toolchain/bin/../lib/gcc/avr/4.9.2/avr5\libgcc.a(_umulhisi3.o)
 .data          0x00000000        0x0 c:/program files (x86)/atmel/studio/7.0/toolchain/avr8/avr8-gnu-toolchain/bin/../lib/gcc/avr/4.9.2/avr5\libgcc.a(_umulhisi3.o)
 .bss           0x00000000        0x0 c:/program files (x86)/atmel/studio/7.0/toolchain/avr8/avr8-gnu-toolchain/bin/../lib/gcc/avr/4.9.2/avr5\libgcc.a(_umulhisi3.o)
 .text.libgcc.div
                0x00000000        0x0 c:/program files (x86)/atmel/studio/7.0/toolchain/avr8/avr8-gnu-toolchain/bin/../lib/gcc/avr/4.9.2/avr5\libgcc.a(_umulhisi3.o)
 .text.libgcc   0x00000000        0x0 c:/program files (x86)/atmel/studio/7.0/toolchain/avr8/avr8-gnu-toolchain/bin/../lib/gcc/avr/4.9.2/avr5\libgcc.a(_umulhisi3.o)
 .text.libgcc.prologue
                0x00000000        0x0 c:/program files (x86)/atmel/studio/7.0/toolchain/avr8/avr8-gnu-toolchain/bin/../lib/gcc/avr/4.9.2/avr5\libgcc.a(_umulhisi3.o)
 .text.libgcc.builtins
                0x00000000        0x0 c:/program files (x86)/atmel/studio/7.0/toolchain/avr8/avr8-gnu-toolchain/bin/../lib/gcc/avr/4.9.2/avr5\libgcc.a(_umulhisi3.o)
 .text.libgcc.fmul
                0x00000000        0x0 c:/program files (x86)/atmel/studio/7.0/toolchain/avr8/avr8-gnu-toolchain/bin/../lib/gcc/avr/4.9.2/avr5\libgcc.a(_umulhisi3.o)
 .text.libgcc.fixed
                0x00000000        0x0 c:/program files (x86)/atmel/studio/7.0/toolchain/avr8/avr8-gnu-toolchain/bin/../lib/gcc/avr/4.9.2/avr5\libgcc.a(_umulhisi3.o)
 .text          0x00000000        0x0 c:/program files (x86)/atmel/studio/7.0/toolchain/avr8/avr8-gnu-toolchain/bin/../lib/gcc/avr/4.9.2/avr5\libgcc.a(_muluhisi3.o)
 .data          0x00000000        0x0 c:/program files (x86)/atmel/studio/7.0/toolchain/avr8/avr8-gnu-toolchain/bin/../lib/gcc/avr/4.9.2/avr5\libgcc.a(_muluhisi3.o)
 .bss           0x00000000        0x0 c:/program files (x86)/atmel/studio/7.0/toolchain/avr8/avr8-gnu-toolchain/bin/../lib/gcc/avr/4.9.2/avr5\libgcc.a(_muluhisi3.o)
 .text.libgcc.div
                0x00000000        0x0 c:/program files (x86)/atmel/studio/7.0/toolchain/avr8/avr8-gnu-toolchain/bin/../lib/gcc/avr/4.9.2/avr5\libgcc.a(_muluhisi3.o)
 .text.libgcc   0x00000000        0x0 c:/program files (x86)/atmel/studio/7.0/toolchain/avr8/avr8-gnu-toolchain/bin/../lib/gcc/avr/4.9.2/avr5\libgcc.a(_muluhisi3.o)
 .text.libgcc.prologue
                0x00000000        0x0 c:/program files (x86)/atmel/studio/7.0/toolchain/avr8/avr8-gnu-toolchain/bin/../lib/gcc/avr/4.9.2/avr5\libgcc.a(_muluhisi3.o)
 .text.libgcc.builtins
                0x00000000        0x0 c:/program files (x86)/atmel/studio/7.0/toolchain/avr8/avr8-gnu-toolchain/bin/../lib/gcc/avr/4.9.2/avr5\libgcc.a(_muluhisi3.o)
 .text.libgcc.fmul
                0x00000000        0x0 c:/program files (x86)/atmel/studio/7.0/toolchain/avr8/avr8-gnu-toolchain/bin/../lib/gcc/avr/4.9.2/avr5\libgcc.a(_muluhisi3.o)
 .text.libgcc.fixed
                0x00000000        0x0 c:/program files (x86)/atmel/studio/7.0/toolchain/avr8/avr8-gnu-toolchain/bin/../lib/gcc/avr/4.9.2/avr5\libgcc.a(_muluhisi3.o)
 .text          0x00000000        0x0 c:/program files (x86)/atmel/studio/7.0/toolchain/avr8/avr8-gnu-toolchain/bin/../lib/gcc/avr/4.9.2/avr5\libgcc.a(_udivmodhi4.o)
 .data          0x00000000        0x0 c:/program files (x86)/atmel/studio/7.0/toolchain/avr8/avr8-gnu-toolchain/bin/../lib/gcc/avr/4.9.2/avr5\libgcc.a(_udivmodhi4.o)
 .bss           0x00000000        0x0 c:/program files (x86)/atmel/studio/7.0/toolchain/avr8/avr8-gnu-toolchain/bin/../lib/gcc/avr/4.9.2/avr5\libgcc.a(_udivmodhi4.o)
 .text.libgcc.mul
                0x00000000        0x0 c:/program files (x86)/atmel/studio/7.0/toolchain/avr8/avr8-gnu-toolchain/bin/../lib/gcc/avr/4.9.2/avr5\libgcc.a(_udivmodhi4.o)
 .text.libgcc.div
                0x00000000       0x28 c:/program files (x86)/atmel/studio/7.0/toolchain/avr8/avr8-gnu-toolchain/bin/../lib/gcc/avr/4.9.2/avr5\libgcc.a(_udivmodhi4.o)
 .text.libgcc   0x00000000        0x0 c:/program files (x86)/atmel/studio/7.0/toolchain/avr8/avr8-gnu-toolchain/bin/../lib/gcc/avr/4.9.2/avr5\libgcc.a(_udivmodhi4.o)
 .text.libgcc.prologue
                0x00000000        0x0 c:/program files (x86)/atmel/studio/7.0/toolchain/avr8/avr8-gnu-toolchain/bin/../lib/gcc/avr/4.9.2/avr5\libgcc.a(_udivmodhi4.o)
 .text.libgcc.builtins
                0x00000000        0x0 c:/program files (x86)/atmel/studio/7.0/toolchain/avr8/avr8-gnu-toolchain/bin/../lib/gcc/avr/4.9.2/avr5\libgcc.a(_udivmodhi4.o)
 .text.libgcc.fmul
                0x00000000        0x0 c:/program files (x86)/atmel/studio/7.0/toolchain/avr8/avr8-gnu-toolchain/bin/../lib/gcc/avr/4.9.2/avr5\libgcc.a(_udivmodhi4.o)
 .text.libgcc.fixed
                0x00000000        0x0 c:/program files (x86)/atmel/studio/7.0/toolchain/avr8/avr8-gnu-toolchain/bin/../lib/gcc/avr/4.9.2/avr5\libgcc.a(_udivmodhi4.o)
 .text          0x00000000        0x0 c:/program files (x86)/atmel/studio/7.0/toolchain/avr8/avr8-gnu-toolchain/bin/../lib/gcc/avr/4.9.2/../../../../avr/lib/avr5\libc.a(ltoa.o)
 .data          0x00000000        0x0 c:/program files (x86)/atmel/studio/7.0/toolchain/avr8/avr8-gnu-toolchain/bin/../lib/gcc/avr/4.9.2/../../../../avr/lib/avr5\libc.a(ltoa.o)
 .bss           0x00000000        0x0 c:/program files (x86)/atmel/studio/7.0/toolchain/avr8/avr8-gnu-toolchain/bin/../lib/gcc/avr/4.9.2/../../../../avr/lib/avr5\libc.a(ltoa.o)
 .text.avr-libc
                0x00000000       0x16 c:/program files (x86)/atmel/studio/7.0/toolchain/avr8/avr8-gnu-toolchain/bin/../lib/gcc/avr/4.9.2/../../../../avr/lib/avr5\libc.a(ltoa.o)
 .text          0x00000000        0x0 c:/program files (x86)/atmel/studio/7.0/toolchain/avr8/avr8-gnu-toolchain/bin/../lib/gcc/avr/4.9.2/../../../../avr/lib/avr5\libc.a(ltoa_ncheck.o)
 .data          0x00000000        0x0 c:/program files (x86)/atmel/studio/7.0/toolchain/avr8/avr8-gnu-toolchain/bin/../lib/gcc/avr/4.9.2/../../../../avr/lib/avr5\libc.a(ltoa_ncheck.o)
 .bss           0x00000000        0x0 c:/program files (x86)/atmel/studio/7.0/toolchain/avr8/avr8-gnu-toolchain/bin/../lib/gcc/avr/4.9.2/../../../../avr/lib/avr5\libc.a(ltoa_ncheck.o)
 .text.avr-libc
                0x00000000       0x1e c:/program files (x86)/atmel/studio/7.0/toolchain/avr8/avr8-gnu-toolchain/bin/../lib/gcc/avr/4.9.2/../../../../avr/lib/avr5\libc.a(ltoa_ncheck.o)
 .text          0x00000000        0x0 c:/program files (x86)/atmel/studio/7.0/toolchain/avr8/avr8-gnu-toolchain/bin/../lib/gcc/avr/4.9.2/../../../../avr/lib/avr5\libc.a(ultoa_ncheck.o)
 .data          0x00000000        0x0 c:/program files (x86)/atmel/studio/7.0/toolchain/avr8/avr8-gnu-toolchain/bin/../lib/gcc/avr/4.9.2/../../../../avr/lib/avr5\libc.a(ultoa_ncheck.o)
 .bss           0x00000000        0x0 c:/program files (x86)/atmel/studio/7.0/toolchain/avr8/avr8-gnu-toolchain/bin/../lib/gcc/avr/4.9.2/../../../../avr/lib/avr5\libc.a(ultoa_ncheck.o)
 .text.avr-libc
                0x00000000       0x44 c:/program files (x86)/atmel/studio/7.0/toolchain/avr8/avr8-gnu-toolchain/bin/../lib/gcc/avr/4.9.2/../../../../avr/lib/avr5\libc.a(ultoa_ncheck.o)
 .text          0x00000000        0x0 c:/program files (x86)/atmel/studio/7.0/toolchain/avr8/avr8-gnu-toolchain/bin/../lib/gcc/avr/4.9.2/../../../../avr/lib/avr5\libc.a(strrev.o)
 .data          0x00000000        0x0 c:/program files (x86)/atmel/studio/7.0/toolchain/avr8/avr8-gnu-toolchain/bin/../lib/gcc/avr/4.9.2/../../../../avr/lib/avr5\libc.a(strrev.o)
 .bss           0x00000000        0x0 c:/program files (x86)/atmel/studio/7.0/toolchain/avr8/avr8-gnu-toolchain/bin/../lib/gcc/avr/4.9.2/../../../../avr/lib/avr5\libc.a(strrev.o)
 .text.avr-libc
                0x00000000       0x20 c:/program files (x86)/atmel/studio/7.0/toolchain/avr8/avr8-gnu-toolchain/bin/../lib/gcc/avr/4.9.2/../../../../avr/lib/avr5\libc.a(strrev.o)

Memory Configuration

Name             Origin             Length             Attributes
text             0x00000000         0x00020000         xr
data             0x00800060         0x0000ffa0         rw !x
eeprom           0x00810000         0x00010000         rw !x
fuse             0x00820000         0x00000002         rw !x
lock             0x00830000         0x00000400         rw !x
signature        0x00840000         0x00000400         rw !x
user_signatures  0x00850000         0x00000400         rw !x
*default*        0x00000000         0xffffffff

Linker script and memory map

LOAD C:/Program Files (x86)/Atmel/Studio/7.0/Packs/atmel/ATmega_DFP/1.1.130/gcc/dev/atmega32/avr5/crtatmega32.o
LOAD ADC_Program.o
LOAD DH11_SENSOR.o
LOAD DIo_program.o
LOAD EEPROM.o
LOAD EEPROM_24C16.o
LOAD INT_program.o
LOAD LCD_program.o
LOAD main.o
LOAD MAX7221_MODULE.o
LOAD N5110_LCD.o
LOAD RTC_DS1307.o
LOAD SPI.o
LOAD TIMER0.o
LOAD TIMER1.o
LOAD TIMER2.o
LOAD TWI.o
LOAD UART.o
LOAD Watchdog_Timer.o
START GROUP
LOAD c:/program files (x86)/atmel/studio/7.0/toolchain/avr8/avr8-gnu-toolchain/bin/../lib/gcc/avr/4.9.2/../../../../avr/lib/avr5\libm.a
END GROUP
START GROUP
LOAD c:/program files (x86)/atmel/studio/7.0/toolchain/avr8/avr8-gnu-toolchain/bin/../lib/gcc/avr/4.9.2/avr5\libgcc.a
LOAD c:/program files (x86)/atmel/studio/7.0/toolchain/avr8/avr8-gnu-toolchain/bin/../lib/gcc/avr/4.9.2/../../../../avr/lib/avr5\libm.a
LOAD c:/program files (x86)/atmel/studio/7.0/toolchain/avr8/avr8-gnu-toolchain/bin/../lib/gcc/avr/4.9.2/../../../../avr/lib/avr5\libc.a
LOAD C:/Program Files (x86)/Atmel/Studio/7.0/Packs/atmel/ATmega_DFP/1.1.130/gcc/dev/atmega32/avr5\libatmega32.a
END GROUP
                0x00020000                __TEXT_REGION_LENGTH__ = DEFINED (__TEXT_REGION_LENGTH__)?__TEXT_REGION_LENGTH__:0x20000
                0x0000ffa0                __DATA_REGION_LENGTH__ = DEFINED (__DATA_REGION_LENGTH__)?__DATA_REGION_LENGTH__:0xffa0
                0x00010000                __EEPROM_REGION_LENGTH__ = DEFINED (__EEPROM_REGION_LENGTH__)?__EEPROM_REGION_LENGTH__:0x10000
                [0x00000002]                __FUSE_REGION_LENGTH__ = DEFINED (__FUSE_REGION_LENGTH__)?__FUSE_REGION_LENGTH__:0x400
                0x00000400                __LOCK_REGION_LENGTH__ = DEFINED (__LOCK_REGION_LENGTH__)?__LOCK_REGION_LENGTH__:0x400
                0x00000400                __SIGNATURE_REGION_LENGTH__ = DEFINED (__SIGNATURE_REGION_LENGTH__)?__SIGNATURE_REGION_LENGTH__:0x400
                0x00000400                __USER_SIGNATURE_REGION_LENGTH__ = DEFINED (__USER_SIGNATURE_REGION_LENGTH__)?__USER_SIGNATURE_REGION_LENGTH__:0x400

.hash
 *(.hash)

.dynsym
 *(.dynsym)

.dynstr
 *(.dynstr)

.gnu.version
 *(.gnu.version)

.gnu.version_d
 *(.gnu.version_d)

.gnu.version_r
 *(.gnu.version_r)

.rel.init
 *(.rel.init)

.rela.init
 *(.rela.init)

.rel.text
 *(.rel.text)
 *(.rel.text.*)
 *(.rel.gnu.linkonce.t*)

.rela.text
 *(.rela.text)
 *(.rela.text.*)
 *(.rela.gnu.linkonce.t*)

.rel.fini
 *(.rel.fini)

.rela.fini
 *(.rela.fini)

.rel.rodata
 *(.rel.rodata)
 *(.rel.rodata.*)
 *(.rel.gnu.linkonce.r*)

.rela.rodata
 *(.rela.rodata)
 *(.rela.rodata.*)
 *(.rela.gnu.linkonce.r*)

.rel.data
 *(.rel.data)
 *(.rel.data.*)
 *(.rel.gnu.linkonce.d*)

.rela.data
 *(.rela.data)
 *(.rela.data.*)
 *(.rela.gnu.linkonce.d*)

.rel.ctors
 *(.rel.ctors)

.rela.ctors
 *(.rela.ctors)

.rel.dtors
 *(.rel.dtors)

.rela.dtors
 *(.rela.dtors)

.rel.got
 *(.rel.got)

.rela.got
 *(.rela.got)

.rel.bss
 *(.rel.bss)

.rela.bss
 *(.rela.bss)

.rel.plt
 *(.rel.plt)

.rela.plt
 *(.rela.plt)

.text           0x00000000     0x1880
 *(.vectors)
 .vectors       0x00000000       0x54 C:/Program Files (x86)/Atmel/Studio/7.0/Packs/atmel/ATmega_DFP/1.1.130/gcc/dev/atmega32/avr5/crtatmega32.o
                0x00000000                __vector_default
                0x00000000                __vectors
 *(.vectors)
 *(.progmem.gcc*)
 .progmem.gcc_fplib
                0x00000054       0x28 c:/program files (x86)/atmel/studio/7.0/toolchain/avr8/avr8-gnu-toolchain/bin/../lib/gcc/avr/4.9.2/../../../../avr/lib/avr5\libm.a(exp.o)
 .progmem.gcc_fplib
                0x0000007c       0x5a c:/program files (x86)/atmel/studio/7.0/toolchain/avr8/avr8-gnu-toolchain/bin/../lib/gcc/avr/4.9.2/../../../../avr/lib/avr5\libm.a(log.o)
                0x000000d6                . = ALIGN (0x2)
                0x000000d6                __trampolines_start = .
 *(.trampolines)
 .trampolines   0x000000d6        0x0 linker stubs
 *(.trampolines*)
                0x000000d6                __trampolines_end = .
 *libprintf_flt.a:*(.progmem.data)
 *libc.a:*(.progmem.data)
 *(.progmem*)
                0x000000d6                . = ALIGN (0x2)
 *(.jumptables)
 *(.jumptables*)
 *(.lowtext)
 *(.lowtext*)
                0x000000d6                __ctors_start = .
 *(.ctors)
                0x000000d6                __ctors_end = .
                0x000000d6                __dtors_start = .
 *(.dtors)
                0x000000d6                __dtors_end = .
 SORT(*)(.ctors)
 SORT(*)(.dtors)
 *(.init0)
 .init0         0x000000d6        0x0 C:/Program Files (x86)/Atmel/Studio/7.0/Packs/atmel/ATmega_DFP/1.1.130/gcc/dev/atmega32/avr5/crtatmega32.o
                0x000000d6                __init
 *(.init0)
 *(.init1)
 *(.init1)
 *(.init2)
 .init2         0x000000d6        0xc C:/Program Files (x86)/Atmel/Studio/7.0/Packs/atmel/ATmega_DFP/1.1.130/gcc/dev/atmega32/avr5/crtatmega32.o
 *(.init2)
 *(.init3)
 *(.init3)
 *(.init4)
 .init4         0x000000e2       0x16 c:/program files (x86)/atmel/studio/7.0/toolchain/avr8/avr8-gnu-toolchain/bin/../lib/gcc/avr/4.9.2/avr5\libgcc.a(_copy_data.o)
                0x000000e2                __do_copy_data
 .init4         0x000000f8       0x10 c:/program files (x86)/atmel/studio/7.0/toolchain/avr8/avr8-gnu-toolchain/bin/../lib/gcc/avr/4.9.2/avr5\libgcc.a(_clear_bss.o)
                0x000000f8                __do_clear_bss
 *(.init4)
 *(.init5)
 *(.init5)
 *(.init6)
 *(.init6)
 *(.init7)
 *(.init7)
 *(.init8)
 *(.init8)
 *(.init9)
 .init9         0x00000108        0x8 C:/Program Files (x86)/Atmel/Studio/7.0/Packs/atmel/ATmega_DFP/1.1.130/gcc/dev/atmega32/avr5/crtatmega32.o
 *(.init9)
 *(.text)
 .text          0x00000110        0x4 C:/Program Files (x86)/Atmel/Studio/7.0/Packs/atmel/ATmega_DFP/1.1.130/gcc/dev/atmega32/avr5/crtatmega32.o
                0x00000110                __bad_interrupt
                0x00000110                __vector_6
                0x00000110                __vector_17
                0x00000110                __vector_19
                0x00000110                __vector_7
                0x00000110                __vector_4
                0x00000110                __vector_15
                0x00000110                __vector_8
                0x00000110                __vector_14
                0x00000110                __vector_18
                0x00000110                __vector_20
                0x00000114                . = ALIGN (0x2)
 *(.text.*)
 .text.MCAL_ADC_Init
                0x00000114       0xbc ADC_Program.o
                0x00000114                MCAL_ADC_Init
 .text.MCAL_ADC_StartConversionBusyWait
                0x000001d0       0x7e ADC_Program.o
                0x000001d0                MCAL_ADC_StartConversionBusyWait
 .text.__vector_16
                0x0000024e       0x7c ADC_Program.o
                0x0000024e                __vector_16
 .text.MCAL_DIO_voidSetPinDirection
                0x000002ca       0xb0 DIo_program.o
                0x000002ca                MCAL_DIO_voidSetPinDirection
 .text.MCAL_DIO_voidSetPinValue
                0x0000037a       0xb0 DIo_program.o
                0x0000037a                MCAL_DIO_voidSetPinValue
 .text.MCAL_DIO_voidGetPinValue
                0x0000042a       0x68 DIo_program.o
                0x0000042a                MCAL_DIO_voidGetPinValue
 .text.HAL_EEPROM_WR
                0x00000492       0x30 EEPROM_24C16.o
                0x00000492                HAL_EEPROM_WR
 .text.HAL_EEPROM_RD
                0x000004c2       0x40 EEPROM_24C16.o
                0x000004c2                HAL_EEPROM_RD
 .text.MCAL_EXTINT_u8Init
                0x00000502       0xf2 INT_program.o
                0x00000502                MCAL_EXTINT_u8Init
 .text.MCAL_EXTINT_u8SetCallBack
                0x000005f4       0x2c INT_program.o
                0x000005f4                MCAL_EXTINT_u8SetCallBack
 .text.__vector_1
                0x00000620       0x52 INT_program.o
                0x00000620                __vector_1
 .text.__vector_2
                0x00000672       0x52 INT_program.o
                0x00000672                __vector_2
 .text.__vector_3
                0x000006c4       0x52 INT_program.o
                0x000006c4                __vector_3
 .text.Heating_LED_ISR
                0x00000716       0x16 main.o
                0x00000716                Heating_LED_ISR
 .text.Timer2_ISR
                0x0000072c        0xe main.o
                0x0000072c                Timer2_ISR
 .text.UP_BUTTON_ISR
                0x0000073a       0x52 main.o
                0x0000073a                UP_BUTTON_ISR
 .text.DOWN_BUTTON_ISR
                0x0000078c       0x52 main.o
                0x0000078c                DOWN_BUTTON_ISR
 .text.Heater_Turn_On
                0x000007de       0x16 main.o
                0x000007de                Heater_Turn_On
 .text.Heater_Turn_Off
                0x000007f4       0x14 main.o
                0x000007f4                Heater_Turn_Off
 .text.Cooling_Turn_On
                0x00000808       0x20 main.o
                0x00000808                Cooling_Turn_On
 .text.Cooling_Turn_Off
                0x00000828       0x1e main.o
                0x00000828                Cooling_Turn_Off
 .text.POWER_ISR
                0x00000846       0x4a main.o
                0x00000846                POWER_ISR
 .text.main     0x00000890      0x1be main.o
                0x00000890                main
 .text.HAL_MAX7221_Init
                0x00000a4e       0x82 MAX7221_MODULE.o
                0x00000a4e                HAL_MAX7221_Init
 .text.HAL_MAX7221_DISPLAY_ON
                0x00000ad0       0x22 MAX7221_MODULE.o
                0x00000ad0                HAL_MAX7221_DISPLAY_ON
 .text.HAL_MAX7221_DISPLAY_OFF
                0x00000af2       0x22 MAX7221_MODULE.o
                0x00000af2                HAL_MAX7221_DISPLAY_OFF
 .text.HAL_MAX7221_PUT_NUMBER
                0x00000b14       0x96 MAX7221_MODULE.o
                0x00000b14                HAL_MAX7221_PUT_NUMBER
 .text.MCAL_SPI_Init
                0x00000baa       0x16 SPI.o
                0x00000baa                MCAL_SPI_Init
 .text.MCAL_SPI_SS_ENABLE
                0x00000bc0       0x10 SPI.o
                0x00000bc0                MCAL_SPI_SS_ENABLE
 .text.MCAL_SPI_SS_DISABLE
                0x00000bd0       0x10 SPI.o
                0x00000bd0                MCAL_SPI_SS_DISABLE
 .text.MCAL_SPI_Transmit
                0x00000be0        0x8 SPI.o
                0x00000be0                MCAL_SPI_Transmit
 .text.__vector_12
                0x00000be8       0x54 SPI.o
                0x00000be8                __vector_12
 .text.MCAL_TIMER0_WITH_INTERRUPT_Initialization
                0x00000c3c       0x2c TIMER0.o
                0x00000c3c                MCAL_TIMER0_WITH_INTERRUPT_Initialization
 .text.MCAL_TIMER0_WITH_INTERRUPT_Set_Delay
                0x00000c68       0x8a TIMER0.o
                0x00000c68                MCAL_TIMER0_WITH_INTERRUPT_Set_Delay
 .text.__vector_11
                0x00000cf2       0xa8 TIMER0.o
                0x00000cf2                __vector_11
 .text.__vector_10
                0x00000d9a       0x14 TIMER0.o
                0x00000d9a                __vector_10
 .text.MCAL_TIMER0_STOP
                0x00000dae       0x14 TIMER0.o
                0x00000dae                MCAL_TIMER0_STOP
 .text.MCAL_TIMER0_RESUME
                0x00000dc2        0xa TIMER0.o
                0x00000dc2                MCAL_TIMER0_RESUME
 .text.__vector_9
                0x00000dcc       0xaa TIMER1.o
                0x00000dcc                __vector_9
 .text.MCAL_TIMER2_WITH_INTERRUPT_Initialization
                0x00000e76       0x2c TIMER2.o
                0x00000e76                MCAL_TIMER2_WITH_INTERRUPT_Initialization
 .text.MCAL_TIMER2_WITH_INTERRUPT_Set_Delay
                0x00000ea2       0x8a TIMER2.o
                0x00000ea2                MCAL_TIMER2_WITH_INTERRUPT_Set_Delay
 .text.__vector_5
                0x00000f2c       0xa8 TIMER2.o
                0x00000f2c                __vector_5
 .text.MCAL_TWI_MASTER_Init
                0x00000fd4       0x42 TWI.o
                0x00000fd4                MCAL_TWI_MASTER_Init
 .text.MCAL_TWI_START_Condition
                0x00001016       0x1a TWI.o
                0x00001016                MCAL_TWI_START_Condition
 .text.MCAL_TWI_REPSTART_Condition
                0x00001030       0x1a TWI.o
                0x00001030                MCAL_TWI_REPSTART_Condition
 .text.MCAL_TWI_Master_TRANSMIT_Address
                0x0000104a       0x3c TWI.o
                0x0000104a                MCAL_TWI_Master_TRANSMIT_Address
 .text.MCAL_TWI_Master_TRANSMIT_Data
                0x00001086       0x1c TWI.o
                0x00001086                MCAL_TWI_Master_TRANSMIT_Data
 .text.MCAL_TWI_STOP_Condition
                0x000010a2        0xc TWI.o
                0x000010a2                MCAL_TWI_STOP_Condition
 .text.MCAL_TWI_Master_RECIEVE_Data_ACK
                0x000010ae       0x1a TWI.o
                0x000010ae                MCAL_TWI_Master_RECIEVE_Data_ACK
 .text.MCAL_UART_Init
                0x000010c8       0x10 UART.o
                0x000010c8                MCAL_UART_Init
 .text.__vector_13
                0x000010d8       0x54 UART.o
                0x000010d8                __vector_13
 .text.avr-libc.fplib
                0x0000112c        0xe c:/program files (x86)/atmel/studio/7.0/toolchain/avr8/avr8-gnu-toolchain/bin/../lib/gcc/avr/4.9.2/../../../../avr/lib/avr5\libm.a(addsf3.o)
                0x0000112c                __subsf3
                0x0000112e                __addsf3
 .text.avr-libc.fplib
                0x0000113a       0xcc c:/program files (x86)/atmel/studio/7.0/toolchain/avr8/avr8-gnu-toolchain/bin/../lib/gcc/avr/4.9.2/../../../../avr/lib/avr5\libm.a(addsf3x.o)
                0x0000115c                __addsf3x
 .text.avr-libc.fplib
                0x00001206       0x5e c:/program files (x86)/atmel/studio/7.0/toolchain/avr8/avr8-gnu-toolchain/bin/../lib/gcc/avr/4.9.2/../../../../avr/lib/avr5\libm.a(fixunssfsi.o)
                0x00001206                __fixunssfsi
 .text.avr-libc.fplib
                0x00001264       0x7a c:/program files (x86)/atmel/studio/7.0/toolchain/avr8/avr8-gnu-toolchain/bin/../lib/gcc/avr/4.9.2/../../../../avr/lib/avr5\libm.a(floatsisf.o)
                0x00001264                __floatunsisf
                0x00001268                __floatsisf
 .text.avr-libc.fplib
                0x000012de        0xc c:/program files (x86)/atmel/studio/7.0/toolchain/avr8/avr8-gnu-toolchain/bin/../lib/gcc/avr/4.9.2/../../../../avr/lib/avr5\libm.a(fp_inf.o)
                0x000012de                __fp_inf
 .text.avr-libc.fplib
                0x000012ea        0x6 c:/program files (x86)/atmel/studio/7.0/toolchain/avr8/avr8-gnu-toolchain/bin/../lib/gcc/avr/4.9.2/../../../../avr/lib/avr5\libm.a(fp_nan.o)
                0x000012ea                __fp_nan
 .text.avr-libc.fplib
                0x000012f0        0xe c:/program files (x86)/atmel/studio/7.0/toolchain/avr8/avr8-gnu-toolchain/bin/../lib/gcc/avr/4.9.2/../../../../avr/lib/avr5\libm.a(fp_pscA.o)
                0x000012f0                __fp_pscA
 .text.avr-libc.fplib
                0x000012fe        0xe c:/program files (x86)/atmel/studio/7.0/toolchain/avr8/avr8-gnu-toolchain/bin/../lib/gcc/avr/4.9.2/../../../../avr/lib/avr5\libm.a(fp_pscB.o)
                0x000012fe                __fp_pscB
 .text.avr-libc.fplib
                0x0000130c       0x22 c:/program files (x86)/atmel/studio/7.0/toolchain/avr8/avr8-gnu-toolchain/bin/../lib/gcc/avr/4.9.2/../../../../avr/lib/avr5\libm.a(fp_round.o)
                0x0000130c                __fp_round
 .text.avr-libc.fplib
                0x0000132e       0x44 c:/program files (x86)/atmel/studio/7.0/toolchain/avr8/avr8-gnu-toolchain/bin/../lib/gcc/avr/4.9.2/../../../../avr/lib/avr5\libm.a(fp_split3.o)
                0x0000132e                __fp_split3
                0x0000133e                __fp_splitA
 .text.avr-libc.fplib
                0x00001372        0xe c:/program files (x86)/atmel/studio/7.0/toolchain/avr8/avr8-gnu-toolchain/bin/../lib/gcc/avr/4.9.2/../../../../avr/lib/avr5\libm.a(fp_zero.o)
                0x00001372                __fp_zero
                0x00001374                __fp_szero
 .text.avr-libc.fplib
                0x00001380        0x8 c:/program files (x86)/atmel/studio/7.0/toolchain/avr8/avr8-gnu-toolchain/bin/../lib/gcc/avr/4.9.2/../../../../avr/lib/avr5\libm.a(mulsf3.o)
                0x00001380                __mulsf3
 .text.avr-libc.fplib
                0x00001388       0xd2 c:/program files (x86)/atmel/studio/7.0/toolchain/avr8/avr8-gnu-toolchain/bin/../lib/gcc/avr/4.9.2/../../../../avr/lib/avr5\libm.a(mulsf3x.o)
                0x000013a6                __mulsf3x
                0x000013ac                __mulsf3_pse
 .text.avr-libc.fplib
                0x0000145a       0xa0 c:/program files (x86)/atmel/studio/7.0/toolchain/avr8/avr8-gnu-toolchain/bin/../lib/gcc/avr/4.9.2/../../../../avr/lib/avr5\libm.a(pow.o)
                0x0000145a                pow
 .text.avr-libc.fplib
                0x000014fa       0x74 c:/program files (x86)/atmel/studio/7.0/toolchain/avr8/avr8-gnu-toolchain/bin/../lib/gcc/avr/4.9.2/../../../../avr/lib/avr5\libm.a(exp.o)
                0x0000150a                exp
 .text.avr-libc.fplib
                0x0000156e       0x4e c:/program files (x86)/atmel/studio/7.0/toolchain/avr8/avr8-gnu-toolchain/bin/../lib/gcc/avr/4.9.2/../../../../avr/lib/avr5\libm.a(fp_powser.o)
                0x0000156e                __fp_powser
 .text.avr-libc.fplib
                0x000015bc       0x10 c:/program files (x86)/atmel/studio/7.0/toolchain/avr8/avr8-gnu-toolchain/bin/../lib/gcc/avr/4.9.2/../../../../avr/lib/avr5\libm.a(inverse.o)
                0x000015bc                inverse
 .text.avr-libc.fplib
                0x000015cc       0x74 c:/program files (x86)/atmel/studio/7.0/toolchain/avr8/avr8-gnu-toolchain/bin/../lib/gcc/avr/4.9.2/../../../../avr/lib/avr5\libm.a(ldexp.o)
                0x000015d4                ldexp
 .text.avr-libc.fplib
                0x00001640       0xa0 c:/program files (x86)/atmel/studio/7.0/toolchain/avr8/avr8-gnu-toolchain/bin/../lib/gcc/avr/4.9.2/../../../../avr/lib/avr5\libm.a(log.o)
                0x00001650                log
 .text.avr-libc.fplib
                0x000016e0       0x68 c:/program files (x86)/atmel/studio/7.0/toolchain/avr8/avr8-gnu-toolchain/bin/../lib/gcc/avr/4.9.2/../../../../avr/lib/avr5\libm.a(modf.o)
                0x000016e0                modf
                0x000016e0                modff
 .text.avr-libc.fplib
                0x00001748        0x8 c:/program files (x86)/atmel/studio/7.0/toolchain/avr8/avr8-gnu-toolchain/bin/../lib/gcc/avr/4.9.2/../../../../avr/lib/avr5\libm.a(divsf3.o)
                0x00001748                __divsf3
 .text.avr-libc.fplib
                0x00001750       0xdc c:/program files (x86)/atmel/studio/7.0/toolchain/avr8/avr8-gnu-toolchain/bin/../lib/gcc/avr/4.9.2/../../../../avr/lib/avr5\libm.a(divsf3x.o)
                0x00001770                __divsf3x
                0x00001776                __divsf3_pse
 .text.avr-libc.fplib
                0x0000182c       0x1c c:/program files (x86)/atmel/studio/7.0/toolchain/avr8/avr8-gnu-toolchain/bin/../lib/gcc/avr/4.9.2/../../../../avr/lib/avr5\libm.a(fp_mpack.o)
                0x0000182c                __fp_mpack
                0x00001830                __fp_mpack_finite
 .text.libgcc.mul
                0x00001848       0x1e c:/program files (x86)/atmel/studio/7.0/toolchain/avr8/avr8-gnu-toolchain/bin/../lib/gcc/avr/4.9.2/avr5\libgcc.a(_umulhisi3.o)
                0x00001848                __umulhisi3
 .text.libgcc.mul
                0x00001866       0x16 c:/program files (x86)/atmel/studio/7.0/toolchain/avr8/avr8-gnu-toolchain/bin/../lib/gcc/avr/4.9.2/avr5\libgcc.a(_muluhisi3.o)
                0x00001866                __muluhisi3
                0x0000187c                . = ALIGN (0x2)
 *(.fini9)
 .fini9         0x0000187c        0x0 c:/program files (x86)/atmel/studio/7.0/toolchain/avr8/avr8-gnu-toolchain/bin/../lib/gcc/avr/4.9.2/avr5\libgcc.a(_exit.o)
                0x0000187c                _exit
                0x0000187c                exit
 *(.fini9)
 *(.fini8)
 *(.fini8)
 *(.fini7)
 *(.fini7)
 *(.fini6)
 *(.fini6)
 *(.fini5)
 *(.fini5)
 *(.fini4)
 *(.fini4)
 *(.fini3)
 *(.fini3)
 *(.fini2)
 *(.fini2)
 *(.fini1)
 *(.fini1)
 *(.fini0)
 .fini0         0x0000187c        0x4 c:/program files (x86)/atmel/studio/7.0/toolchain/avr8/avr8-gnu-toolchain/bin/../lib/gcc/avr/4.9.2/avr5\libgcc.a(_exit.o)
 *(.fini0)
                0x00001880                _etext = .

.data           0x00800060        0x8 load address 0x00001880
                0x00800060                PROVIDE (__data_start, .)
 *(.data)
 *(.data*)
 .data.Set_Temp
                0x00800060        0x2 main.o
                0x00800060                Set_Temp
 *(.rodata)
 .rodata        0x00800062        0x5 main.o
 *(.rodata*)
 *(.gnu.linkonce.d*)
                0x00800068                . = ALIGN (0x2)
 *fill*         0x00800067        0x1 
                0x00800068                _edata = .
                0x00800068                PROVIDE (__data_end, .)

.bss            0x00800068       0x3c
                0x00800068                PROVIDE (__bss_start, .)
 *(.bss)
 *(.bss*)
 .bss.g_u8Resolution
                0x00800068        0x1 ADC_Program.o
 .bss.ADC_CallBack
                0x00800069        0x2 ADC_Program.o
                0x00800069                ADC_CallBack
 .bss.CallBack_INT2
                0x0080006b        0x2 INT_program.o
 .bss.CallBack_INT1
                0x0080006d        0x2 INT_program.o
 .bss.CallBack_INT0
                0x0080006f        0x2 INT_program.o
 .bss.toggle_led.2013
                0x00800071        0x1 main.o
 .bss.Current_Temp
                0x00800072        0x2 main.o
                0x00800072                Current_Temp
 .bss.Electric_Heater_State
                0x00800074        0x1 main.o
                0x00800074                Electric_Heater_State
 .bss.Cooling_State
                0x00800075        0x1 main.o
                0x00800075                Cooling_State
 .bss.Heater_State
                0x00800076        0x1 main.o
                0x00800076                Heater_State
 .bss.g_ptr     0x00800077        0x2 SPI.o
                0x00800077                g_ptr
 .bss.g_data_recieve
                0x00800079        0x1 SPI.o
 .bss.Timer0_desired_counts.1590
                0x0080007a        0x4 TIMER0.o
 .bss.Timer0_g_ptr_to_func
                0x0080007e        0x2 TIMER0.o
                0x0080007e                Timer0_g_ptr_to_func
 .bss.Timer0_Initial_Value
                0x00800080        0x4 TIMER0.o
                0x00800080                Timer0_Initial_Value
 .bss.Timer0_Num_OVF
                0x00800084        0x4 TIMER0.o
                0x00800084                Timer0_Num_OVF
 .bss.Timer1_desired_counts.1679
                0x00800088        0x4 TIMER1.o
 .bss.Timer1_g_InitialValue
                0x0080008c        0x2 TIMER1.o
                0x0080008c                Timer1_g_InitialValue
 .bss.Timer1_g_NumOfOVF
                0x0080008e        0x2 TIMER1.o
                0x0080008e                Timer1_g_NumOfOVF
 .bss.Timer1_g_ptrToFunction
                0x00800090        0x2 TIMER1.o
                0x00800090                Timer1_g_ptrToFunction
 .bss.Timer2_desired_counts.1697
                0x00800092        0x4 TIMER2.o
 .bss.Timer2_g_ptr_to_func
                0x00800096        0x2 TIMER2.o
                0x00800096                Timer2_g_ptr_to_func
 .bss.TIMER2_Initial_Value
                0x00800098        0x4 TIMER2.o
                0x00800098                TIMER2_Initial_Value
 .bss.TIMER2_Num_OVF_
                0x0080009c        0x4 TIMER2.o
                0x0080009c                TIMER2_Num_OVF_
 .bss.ptr_to_func
                0x008000a0        0x2 UART.o
                0x008000a0                ptr_to_func
 .bss.g_recieved_data
                0x008000a2        0x1 UART.o
                0x008000a2                g_recieved_data
 *(COMMON)
 COMMON         0x008000a3        0x1 ADC_Program.o
                0x008000a3                g_u8ADC_Channel
                0x008000a4                PROVIDE (__bss_end, .)
                0x00001880                __data_load_start = LOADADDR (.data)
                0x00001888                __data_load_end = (__data_load_start + SIZEOF (.data))

.noinit         0x008000a4        0x0
                [!provide]                PROVIDE (__noinit_start, .)
 *(.noinit*)
                [!provide]                PROVIDE (__noinit_end, .)
                0x008000a4                _end = .
                [!provide]                PROVIDE (__heap_start, .)

.eeprom         0x00810000        0x0
 *(.eeprom*)
                0x00810000                __eeprom_end = .

.fuse
 *(.fuse)
 *(.lfuse)
 *(.hfuse)
 *(.efuse)

.lock
 *(.lock*)

.signature
 *(.signature*)

.user_signatures
 *(.user_signatures*)

.stab
 *(.stab)

.stabstr
 *(.stabstr)

.stab.excl
 *(.stab.excl)

.stab.exclstr
 *(.stab.exclstr)

.stab.index
 *(.stab.index)

.stab.indexstr
 *(.stab.indexstr)

.comment        0x00000000       0x30
 *(.comment)
 .comment       0x00000000       0x30 ADC_Program.o
                                 0x31 (size before relaxing)
 .comment       0x00000030       0x31 DIo_program.o
 .comment       0x00000030       0x31 EEPROM_24C16.o
 .comment       0x00000030       0x31 INT_program.o
 .comment       0x00000030       0x31 main.o
 .comment       0x00000030       0x31 MAX7221_MODULE.o
 .comment       0x00000030       0x31 SPI.o
 .comment       0x00000030       0x31 TIMER0.o
 .comment       0x00000030       0x31 TIMER1.o
 .comment       0x00000030       0x31 TIMER2.o
 .comment       0x00000030       0x31 TWI.o
 .comment       0x00000030       0x31 UART.o

.note.gnu.avr.deviceinfo
                0x00000000       0x3c
 .note.gnu.avr.deviceinfo
                0x00000000       0x3c C:/Program Files (x86)/Atmel/Studio/7.0/Packs/atmel/ATmega_DFP/1.1.130/gcc/dev/atmega32/avr5/crtatmega32.o

.note.gnu.build-id
 *(.note.gnu.build-id)

.debug
 *(.debug)

.line
 *(.line)

.debug_srcinfo
 *(.debug_srcinfo)

.debug_sfnames
 *(.debug_sfnames)

.debug_aranges  0x00000000      0x3f8
 *(.debug_aranges)
 .debug_aranges
                0x00000000       0x38 ADC_Program.o
 .debug_aranges
                0x00000038       0x58 DIo_program.o
 .debug_aranges
                0x00000090       0x28 EEPROM_24C16.o
 .debug_aranges
                0x000000b8       0x40 INT_program.o
 .debug_aranges
                0x000000f8       0x70 main.o
 .debug_aranges
                0x00000168       0x40 MAX7221_MODULE.o
 .debug_aranges
                0x000001a8       0x48 SPI.o
 .debug_aranges
                0x000001f0       0x78 TIMER0.o
 .debug_aranges
                0x00000268       0x58 TIMER1.o
 .debug_aranges
                0x000002c0       0x70 TIMER2.o
 .debug_aranges
                0x00000330       0x80 TWI.o
 .debug_aranges
                0x000003b0       0x48 UART.o

.debug_pubnames
 *(.debug_pubnames)

.debug_info     0x00000000     0x2ccd
 *(.debug_info .gnu.linkonce.wi.*)
 .debug_info    0x00000000      0x4e6 C:/Program Files (x86)/Atmel/Studio/7.0/Packs/atmel/ATmega_DFP/1.1.130/gcc/dev/atmega32/avr5/crtatmega32.o
 .debug_info    0x000004e6      0x2e5 ADC_Program.o
 .debug_info    0x000007cb      0x273 DIo_program.o
 .debug_info    0x00000a3e      0x296 EEPROM_24C16.o
 .debug_info    0x00000cd4      0x18e INT_program.o
 .debug_info    0x00000e62      0xa43 main.o
 .debug_info    0x000018a5      0x5f3 MAX7221_MODULE.o
 .debug_info    0x00001e98      0x1fc SPI.o
 .debug_info    0x00002094      0x30c TIMER0.o
 .debug_info    0x000023a0      0x1fa TIMER1.o
 .debug_info    0x0000259a      0x2eb TIMER2.o
 .debug_info    0x00002885      0x2a7 TWI.o
 .debug_info    0x00002b2c      0x1a1 UART.o

.debug_abbrev   0x00000000     0x126a
 *(.debug_abbrev)
 .debug_abbrev  0x00000000      0x4a3 C:/Program Files (x86)/Atmel/Studio/7.0/Packs/atmel/ATmega_DFP/1.1.130/gcc/dev/atmega32/avr5/crtatmega32.o
 .debug_abbrev  0x000004a3      0x197 ADC_Program.o
 .debug_abbrev  0x0000063a       0x87 DIo_program.o
 .debug_abbrev  0x000006c1       0xee EEPROM_24C16.o
 .debug_abbrev  0x000007af       0xbd INT_program.o
 .debug_abbrev  0x0000086c      0x1df main.o
 .debug_abbrev  0x00000a4b       0xe8 MAX7221_MODULE.o
 .debug_abbrev  0x00000b33      0x10d SPI.o
 .debug_abbrev  0x00000c40      0x19a TIMER0.o
 .debug_abbrev  0x00000dda      0x109 TIMER1.o
 .debug_abbrev  0x00000ee3      0x16c TIMER2.o
 .debug_abbrev  0x0000104f      0x11a TWI.o
 .debug_abbrev  0x00001169      0x101 UART.o

.debug_line     0x00000000     0x1a9b
 *(.debug_line .debug_line.* .debug_line_end)
 .debug_line    0x00000000      0x115 C:/Program Files (x86)/Atmel/Studio/7.0/Packs/atmel/ATmega_DFP/1.1.130/gcc/dev/atmega32/avr5/crtatmega32.o
 .debug_line    0x00000115      0x279 ADC_Program.o
 .debug_line    0x0000038e      0x244 DIo_program.o
 .debug_line    0x000005d2      0x132 EEPROM_24C16.o
 .debug_line    0x00000704      0x1f1 INT_program.o
 .debug_line    0x000008f5      0x3e6 main.o
 .debug_line    0x00000cdb      0x1e9 MAX7221_MODULE.o
 .debug_line    0x00000ec4      0x12e SPI.o
 .debug_line    0x00000ff2      0x235 TIMER0.o
 .debug_line    0x00001227      0x177 TIMER1.o
 .debug_line    0x0000139e      0x265 TIMER2.o
 .debug_line    0x00001603      0x320 TWI.o
 .debug_line    0x00001923      0x178 UART.o

.debug_frame    0x00000000      0x9f8
 *(.debug_frame)
 .debug_frame   0x00000000       0xbc ADC_Program.o
 .debug_frame   0x000000bc       0x94 DIo_program.o
 .debug_frame   0x00000150       0x58 EEPROM_24C16.o
 .debug_frame   0x000001a8      0x13c INT_program.o
 .debug_frame   0x000002e4       0xd4 main.o
 .debug_frame   0x000003b8       0x84 MAX7221_MODULE.o
 .debug_frame   0x0000043c       0xbc SPI.o
 .debug_frame   0x000004f8      0x148 TIMER0.o
 .debug_frame   0x00000640       0xdc TIMER1.o
 .debug_frame   0x0000071c      0x12c TIMER2.o
 .debug_frame   0x00000848       0xe4 TWI.o
 .debug_frame   0x0000092c       0xcc UART.o

.debug_str      0x00000000     0x117b
 *(.debug_str)
 .debug_str     0x00000000      0x196 C:/Program Files (x86)/Atmel/Studio/7.0/Packs/atmel/ATmega_DFP/1.1.130/gcc/dev/atmega32/avr5/crtatmega32.o
 .debug_str     0x00000196      0x2cc ADC_Program.o
                                0x31b (size before relaxing)
 .debug_str     0x00000462      0x14f DIo_program.o
                                0x2e0 (size before relaxing)
 .debug_str     0x000005b1      0x1bb EEPROM_24C16.o
                                0x320 (size before relaxing)
 .debug_str     0x0000076c       0xf0 INT_program.o
                                0x26c (size before relaxing)
 .debug_str     0x0000085c      0x247 main.o
                                0x5db (size before relaxing)
 .debug_str     0x00000aa3       0xae MAX7221_MODULE.o
                                0x26a (size before relaxing)
 .debug_str     0x00000b51       0x5c SPI.o
                                0x237 (size before relaxing)
 .debug_str     0x00000bad      0x182 TIMER0.o
                                0x3ad (size before relaxing)
 .debug_str     0x00000d2f      0x164 TIMER1.o
                                0x307 (size before relaxing)
 .debug_str     0x00000e93      0x17c TIMER2.o
                                0x398 (size before relaxing)
 .debug_str     0x0000100f       0xd7 TWI.o
                                0x324 (size before relaxing)
 .debug_str     0x000010e6       0x95 UART.o
                                0x22f (size before relaxing)

.debug_loc      0x00000000     0x1875
 *(.debug_loc)
 .debug_loc     0x00000000      0x2d7 ADC_Program.o
 .debug_loc     0x000002d7      0x360 DIo_program.o
 .debug_loc     0x00000637      0x197 EEPROM_24C16.o
 .debug_loc     0x000007ce      0x3ee INT_program.o
 .debug_loc     0x00000bbc       0x48 main.o
 .debug_loc     0x00000c04       0xf8 MAX7221_MODULE.o
 .debug_loc     0x00000cfc      0x133 SPI.o
 .debug_loc     0x00000e2f      0x329 TIMER0.o
 .debug_loc     0x00001158      0x168 TIMER1.o
 .debug_loc     0x000012c0      0x2de TIMER2.o
 .debug_loc     0x0000159e      0x124 TWI.o
 .debug_loc     0x000016c2      0x1b3 UART.o

.debug_macinfo
 *(.debug_macinfo)

.debug_weaknames
 *(.debug_weaknames)

.debug_funcnames
 *(.debug_funcnames)

.debug_typenames
 *(.debug_typenames)

.debug_varnames
 *(.debug_varnames)

.debug_pubtypes
 *(.debug_pubtypes)

.debug_ranges   0x00000000      0x338
 *(.debug_ranges)
 .debug_ranges  0x00000000       0x28 ADC_Program.o
 .debug_ranges  0x00000028       0x48 DIo_program.o
 .debug_ranges  0x00000070       0x18 EEPROM_24C16.o
 .debug_ranges  0x00000088       0x30 INT_program.o
 .debug_ranges  0x000000b8       0x60 main.o
 .debug_ranges  0x00000118       0x30 MAX7221_MODULE.o
 .debug_ranges  0x00000148       0x38 SPI.o
 .debug_ranges  0x00000180       0x68 TIMER0.o
 .debug_ranges  0x000001e8       0x48 TIMER1.o
 .debug_ranges  0x00000230       0x60 TIMER2.o
 .debug_ranges  0x00000290       0x70 TWI.o
 .debug_ranges  0x00000300       0x38 UART.o

.debug_macro
 *(.debug_macro)
OUTPUT(avr_interface.elf elf32-avr)
LOAD linker stubs
